Archive member included because of file (symbol)

/home/denzo/Downloads/SimplicityStudio_v4/developer/toolchains/gnu_arm/4.9_2015q3/bin/../lib/gcc/arm-none-eabi/4.9.3/armv7e-m/libgcc.a(unwind-arm.o)
                              ./src/main.o (__aeabi_unwind_cpp_pr1)
/home/denzo/Downloads/SimplicityStudio_v4/developer/toolchains/gnu_arm/4.9_2015q3/bin/../lib/gcc/arm-none-eabi/4.9.3/armv7e-m/libgcc.a(libunwind.o)
                              /home/denzo/Downloads/SimplicityStudio_v4/developer/toolchains/gnu_arm/4.9_2015q3/bin/../lib/gcc/arm-none-eabi/4.9.3/armv7e-m/libgcc.a(unwind-arm.o) (restore_core_regs)
/home/denzo/Downloads/SimplicityStudio_v4/developer/toolchains/gnu_arm/4.9_2015q3/bin/../lib/gcc/arm-none-eabi/4.9.3/armv7e-m/libgcc.a(pr-support.o)
                              /home/denzo/Downloads/SimplicityStudio_v4/developer/toolchains/gnu_arm/4.9_2015q3/bin/../lib/gcc/arm-none-eabi/4.9.3/armv7e-m/libgcc.a(unwind-arm.o) (__gnu_unwind_execute)
/home/denzo/Downloads/SimplicityStudio_v4/developer/toolchains/gnu_arm/4.9_2015q3/bin/../lib/gcc/arm-none-eabi/4.9.3/../../../../arm-none-eabi/lib/armv7e-m/libc_nano.a(lib_a-abort.o)
                              /home/denzo/Downloads/SimplicityStudio_v4/developer/toolchains/gnu_arm/4.9_2015q3/bin/../lib/gcc/arm-none-eabi/4.9.3/armv7e-m/libgcc.a(unwind-arm.o) (abort)
/home/denzo/Downloads/SimplicityStudio_v4/developer/toolchains/gnu_arm/4.9_2015q3/bin/../lib/gcc/arm-none-eabi/4.9.3/../../../../arm-none-eabi/lib/armv7e-m/libc_nano.a(lib_a-exit.o)
                              /home/denzo/Downloads/SimplicityStudio_v4/developer/toolchains/gnu_arm/4.9_2015q3/bin/../lib/gcc/arm-none-eabi/4.9.3/../../../../arm-none-eabi/lib/armv7e-m/crt0.o (exit)
/home/denzo/Downloads/SimplicityStudio_v4/developer/toolchains/gnu_arm/4.9_2015q3/bin/../lib/gcc/arm-none-eabi/4.9.3/../../../../arm-none-eabi/lib/armv7e-m/libc_nano.a(lib_a-impure.o)
                              /home/denzo/Downloads/SimplicityStudio_v4/developer/toolchains/gnu_arm/4.9_2015q3/bin/../lib/gcc/arm-none-eabi/4.9.3/../../../../arm-none-eabi/lib/armv7e-m/libc_nano.a(lib_a-exit.o) (_global_impure_ptr)
/home/denzo/Downloads/SimplicityStudio_v4/developer/toolchains/gnu_arm/4.9_2015q3/bin/../lib/gcc/arm-none-eabi/4.9.3/../../../../arm-none-eabi/lib/armv7e-m/libc_nano.a(lib_a-init.o)
                              /home/denzo/Downloads/SimplicityStudio_v4/developer/toolchains/gnu_arm/4.9_2015q3/bin/../lib/gcc/arm-none-eabi/4.9.3/../../../../arm-none-eabi/lib/armv7e-m/crt0.o (__libc_init_array)
/home/denzo/Downloads/SimplicityStudio_v4/developer/toolchains/gnu_arm/4.9_2015q3/bin/../lib/gcc/arm-none-eabi/4.9.3/../../../../arm-none-eabi/lib/armv7e-m/libc_nano.a(lib_a-memcpy.o)
                              /home/denzo/Downloads/SimplicityStudio_v4/developer/toolchains/gnu_arm/4.9_2015q3/bin/../lib/gcc/arm-none-eabi/4.9.3/armv7e-m/libgcc.a(unwind-arm.o) (memcpy)
/home/denzo/Downloads/SimplicityStudio_v4/developer/toolchains/gnu_arm/4.9_2015q3/bin/../lib/gcc/arm-none-eabi/4.9.3/../../../../arm-none-eabi/lib/armv7e-m/libc_nano.a(lib_a-memset.o)
                              /home/denzo/Downloads/SimplicityStudio_v4/developer/toolchains/gnu_arm/4.9_2015q3/bin/../lib/gcc/arm-none-eabi/4.9.3/../../../../arm-none-eabi/lib/armv7e-m/crt0.o (memset)
/home/denzo/Downloads/SimplicityStudio_v4/developer/toolchains/gnu_arm/4.9_2015q3/bin/../lib/gcc/arm-none-eabi/4.9.3/../../../../arm-none-eabi/lib/armv7e-m/libc_nano.a(lib_a-signal.o)
                              /home/denzo/Downloads/SimplicityStudio_v4/developer/toolchains/gnu_arm/4.9_2015q3/bin/../lib/gcc/arm-none-eabi/4.9.3/../../../../arm-none-eabi/lib/armv7e-m/libc_nano.a(lib_a-abort.o) (raise)
/home/denzo/Downloads/SimplicityStudio_v4/developer/toolchains/gnu_arm/4.9_2015q3/bin/../lib/gcc/arm-none-eabi/4.9.3/../../../../arm-none-eabi/lib/armv7e-m/libc_nano.a(lib_a-signalr.o)
                              /home/denzo/Downloads/SimplicityStudio_v4/developer/toolchains/gnu_arm/4.9_2015q3/bin/../lib/gcc/arm-none-eabi/4.9.3/../../../../arm-none-eabi/lib/armv7e-m/libc_nano.a(lib_a-signal.o) (_kill_r)
/home/denzo/Downloads/SimplicityStudio_v4/developer/toolchains/gnu_arm/4.9_2015q3/bin/../lib/gcc/arm-none-eabi/4.9.3/../../../../arm-none-eabi/lib/armv7e-m/libc_nano.a(lib_a-nano-mallocr.o)
                              /home/denzo/Downloads/SimplicityStudio_v4/developer/toolchains/gnu_arm/4.9_2015q3/bin/../lib/gcc/arm-none-eabi/4.9.3/../../../../arm-none-eabi/lib/armv7e-m/libc_nano.a(lib_a-signal.o) (_malloc_r)
/home/denzo/Downloads/SimplicityStudio_v4/developer/toolchains/gnu_arm/4.9_2015q3/bin/../lib/gcc/arm-none-eabi/4.9.3/../../../../arm-none-eabi/lib/armv7e-m/libc_nano.a(lib_a-reent.o)
                              /home/denzo/Downloads/SimplicityStudio_v4/developer/toolchains/gnu_arm/4.9_2015q3/bin/../lib/gcc/arm-none-eabi/4.9.3/../../../../arm-none-eabi/lib/armv7e-m/libc_nano.a(lib_a-signalr.o) (errno)
/home/denzo/Downloads/SimplicityStudio_v4/developer/toolchains/gnu_arm/4.9_2015q3/bin/../lib/gcc/arm-none-eabi/4.9.3/../../../../arm-none-eabi/lib/armv7e-m/libc_nano.a(lib_a-sbrkr.o)
                              /home/denzo/Downloads/SimplicityStudio_v4/developer/toolchains/gnu_arm/4.9_2015q3/bin/../lib/gcc/arm-none-eabi/4.9.3/../../../../arm-none-eabi/lib/armv7e-m/libc_nano.a(lib_a-nano-mallocr.o) (_sbrk_r)
/home/denzo/Downloads/SimplicityStudio_v4/developer/toolchains/gnu_arm/4.9_2015q3/bin/../lib/gcc/arm-none-eabi/4.9.3/../../../../arm-none-eabi/lib/armv7e-m/libc_nano.a(lib_a-nano-freer.o)
                              /home/denzo/Downloads/SimplicityStudio_v4/developer/toolchains/gnu_arm/4.9_2015q3/bin/../lib/gcc/arm-none-eabi/4.9.3/../../../../arm-none-eabi/lib/armv7e-m/libc_nano.a(lib_a-reent.o) (_free_r)
/home/denzo/Downloads/SimplicityStudio_v4/developer/toolchains/gnu_arm/4.9_2015q3/bin/../lib/gcc/arm-none-eabi/4.9.3/../../../../arm-none-eabi/lib/armv7e-m/libnosys.a(getpid.o)
                              /home/denzo/Downloads/SimplicityStudio_v4/developer/toolchains/gnu_arm/4.9_2015q3/bin/../lib/gcc/arm-none-eabi/4.9.3/../../../../arm-none-eabi/lib/armv7e-m/libc_nano.a(lib_a-signalr.o) (_getpid)
/home/denzo/Downloads/SimplicityStudio_v4/developer/toolchains/gnu_arm/4.9_2015q3/bin/../lib/gcc/arm-none-eabi/4.9.3/../../../../arm-none-eabi/lib/armv7e-m/libnosys.a(kill.o)
                              /home/denzo/Downloads/SimplicityStudio_v4/developer/toolchains/gnu_arm/4.9_2015q3/bin/../lib/gcc/arm-none-eabi/4.9.3/../../../../arm-none-eabi/lib/armv7e-m/libc_nano.a(lib_a-signalr.o) (_kill)
/home/denzo/Downloads/SimplicityStudio_v4/developer/toolchains/gnu_arm/4.9_2015q3/bin/../lib/gcc/arm-none-eabi/4.9.3/../../../../arm-none-eabi/lib/armv7e-m/libnosys.a(sbrk.o)
                              /home/denzo/Downloads/SimplicityStudio_v4/developer/toolchains/gnu_arm/4.9_2015q3/bin/../lib/gcc/arm-none-eabi/4.9.3/../../../../arm-none-eabi/lib/armv7e-m/libc_nano.a(lib_a-sbrkr.o) (_sbrk)
/home/denzo/Downloads/SimplicityStudio_v4/developer/toolchains/gnu_arm/4.9_2015q3/bin/../lib/gcc/arm-none-eabi/4.9.3/../../../../arm-none-eabi/lib/armv7e-m/libnosys.a(_exit.o)
                              /home/denzo/Downloads/SimplicityStudio_v4/developer/toolchains/gnu_arm/4.9_2015q3/bin/../lib/gcc/arm-none-eabi/4.9.3/../../../../arm-none-eabi/lib/armv7e-m/libc_nano.a(lib_a-abort.o) (_exit)

Allocating common symbols
Common symbol       size              file

errno               0x4               /home/denzo/Downloads/SimplicityStudio_v4/developer/toolchains/gnu_arm/4.9_2015q3/bin/../lib/gcc/arm-none-eabi/4.9.3/../../../../arm-none-eabi/lib/armv7e-m/libc_nano.a(lib_a-reent.o)

Discarded input sections

 .text          0x00000000        0x0 /home/denzo/Downloads/SimplicityStudio_v4/developer/toolchains/gnu_arm/4.9_2015q3/bin/../lib/gcc/arm-none-eabi/4.9.3/armv7e-m/crti.o
 .data          0x00000000        0x0 /home/denzo/Downloads/SimplicityStudio_v4/developer/toolchains/gnu_arm/4.9_2015q3/bin/../lib/gcc/arm-none-eabi/4.9.3/armv7e-m/crti.o
 .bss           0x00000000        0x0 /home/denzo/Downloads/SimplicityStudio_v4/developer/toolchains/gnu_arm/4.9_2015q3/bin/../lib/gcc/arm-none-eabi/4.9.3/armv7e-m/crti.o
 .data          0x00000000        0x4 /home/denzo/Downloads/SimplicityStudio_v4/developer/toolchains/gnu_arm/4.9_2015q3/bin/../lib/gcc/arm-none-eabi/4.9.3/armv7e-m/crtbegin.o
 .data          0x00000000        0x0 /home/denzo/Downloads/SimplicityStudio_v4/developer/toolchains/gnu_arm/4.9_2015q3/bin/../lib/gcc/arm-none-eabi/4.9.3/../../../../arm-none-eabi/lib/armv7e-m/crt0.o
 .bss           0x00000000        0x0 /home/denzo/Downloads/SimplicityStudio_v4/developer/toolchains/gnu_arm/4.9_2015q3/bin/../lib/gcc/arm-none-eabi/4.9.3/../../../../arm-none-eabi/lib/armv7e-m/crt0.o
 .ARM.extab     0x00000000        0x0 /home/denzo/Downloads/SimplicityStudio_v4/developer/toolchains/gnu_arm/4.9_2015q3/bin/../lib/gcc/arm-none-eabi/4.9.3/../../../../arm-none-eabi/lib/armv7e-m/crt0.o
 .text          0x00000000        0x0 ./src/InitDevice.o
 .data          0x00000000        0x0 ./src/InitDevice.o
 .bss           0x00000000        0x0 ./src/InitDevice.o
 .text.LFXO_enter_DefaultMode_from_RESET
                0x00000000        0xc ./src/InitDevice.o
 .text.ADC0_enter_DefaultMode_from_RESET
                0x00000000        0xc ./src/InitDevice.o
 .text.ACMP0_enter_DefaultMode_from_RESET
                0x00000000        0xc ./src/InitDevice.o
 .text.ACMP1_enter_DefaultMode_from_RESET
                0x00000000        0xc ./src/InitDevice.o
 .text.IDAC0_enter_DefaultMode_from_RESET
                0x00000000        0xc ./src/InitDevice.o
 .text.RTCC_enter_DefaultMode_from_RESET
                0x00000000        0xc ./src/InitDevice.o
 .text.USART0_enter_DefaultMode_from_RESET
                0x00000000        0xc ./src/InitDevice.o
 .text.USART1_enter_DefaultMode_from_RESET
                0x00000000        0xc ./src/InitDevice.o
 .text.LEUART0_enter_DefaultMode_from_RESET
                0x00000000        0xc ./src/InitDevice.o
 .text.WDOG0_enter_DefaultMode_from_RESET
                0x00000000        0xc ./src/InitDevice.o
 .text.I2C0_enter_DefaultMode_from_RESET
                0x00000000        0xc ./src/InitDevice.o
 .text.GPCRC_enter_DefaultMode_from_RESET
                0x00000000        0xc ./src/InitDevice.o
 .text.LDMA_enter_DefaultMode_from_RESET
                0x00000000        0xc ./src/InitDevice.o
 .text.TIMER0_enter_DefaultMode_from_RESET
                0x00000000        0xc ./src/InitDevice.o
 .text.TIMER1_enter_DefaultMode_from_RESET
                0x00000000        0xc ./src/InitDevice.o
 .text.LETIMER0_enter_DefaultMode_from_RESET
                0x00000000        0xc ./src/InitDevice.o
 .text.CRYOTIMER_enter_DefaultMode_from_RESET
                0x00000000        0xc ./src/InitDevice.o
 .text.PCNT0_enter_DefaultMode_from_RESET
                0x00000000        0xc ./src/InitDevice.o
 .text.PRS_enter_DefaultMode_from_RESET
                0x00000000        0xc ./src/InitDevice.o
 .group         0x00000000       0x10 ./src/main.o
 .text          0x00000000        0x0 ./src/main.o
 .data          0x00000000        0x0 ./src/main.o
 .bss           0x00000000        0x0 ./src/main.o
 .ARM.extab.text.BUS_RegBitRead
                0x00000000        0x0 ./src/main.o
 .ARM.extab.text.BUS_RegMaskedSet
                0x00000000        0x0 ./src/main.o
 .ARM.extab.text.BUS_RegMaskedClear
                0x00000000        0x0 ./src/main.o
 .ARM.extab.text.GPIO_PinInGet
                0x00000000        0x0 ./src/main.o
 .ARM.extab.text.GPIO_PinOutClear
                0x00000000        0x0 ./src/main.o
 .ARM.extab.text.GPIO_PinOutSet
                0x00000000        0x0 ./src/main.o
 .ARM.extab.text.GPIO_PinOutToggle
                0x00000000        0x0 ./src/main.o
 .ARM.extab.text._Z7readPB0v
                0x00000000        0x0 ./src/main.o
 .text          0x00000000        0x0 ./emlib/em_assert.o
 .data          0x00000000        0x0 ./emlib/em_assert.o
 .bss           0x00000000        0x0 ./emlib/em_assert.o
 .debug_line    0x00000000        0x0 ./emlib/em_assert.o
 .debug_str     0x00000000      0x15d ./emlib/em_assert.o
 .comment       0x00000000       0x71 ./emlib/em_assert.o
 .ARM.attributes
                0x00000000       0x37 ./emlib/em_assert.o
 .text          0x00000000        0x0 ./emlib/em_cmu.o
 .data          0x00000000        0x0 ./emlib/em_cmu.o
 .bss           0x00000000        0x0 ./emlib/em_cmu.o
 .text.BUS_RegMaskedSet
                0x00000000       0x24 ./emlib/em_cmu.o
 .text.BUS_RegMaskedClear
                0x00000000       0x24 ./emlib/em_cmu.o
 .text.BUS_RegMaskedWrite
                0x00000000       0x24 ./emlib/em_cmu.o
 .text.CMU_PrescToLog2
                0x00000000       0x28 ./emlib/em_cmu.o
 .text.CMU_AUXHFRCODevinfoGet
                0x00000000       0xdc ./emlib/em_cmu.o
 .text.CMU_AUXHFRCOBandGet
                0x00000000       0x18 ./emlib/em_cmu.o
 .text.CMU_AUXHFRCOBandSet
                0x00000000       0x98 ./emlib/em_cmu.o
 .text.CMU_Calibrate
                0x00000000       0x88 ./emlib/em_cmu.o
 .text.CMU_CalibrateConfig
                0x00000000       0xd8 ./emlib/em_cmu.o
 .text.CMU_CalibrateCountGet
                0x00000000       0x38 ./emlib/em_cmu.o
 .text.CMU_ClockDivGet
                0x00000000       0x1c ./emlib/em_cmu.o
 .text.CMU_ClockDivSet
                0x00000000       0x1c ./emlib/em_cmu.o
 .text.CMU_ClockPrescGet
                0x00000000      0x12c ./emlib/em_cmu.o
 .text.CMU_ClockPrescSet
                0x00000000      0x1e8 ./emlib/em_cmu.o
 .text.CMU_FreezeEnable
                0x00000000       0x3c ./emlib/em_cmu.o
 .text.CMU_HFRCODevinfoGet
                0x00000000       0xdc ./emlib/em_cmu.o
 .text.CMU_HFRCOBandGet
                0x00000000       0x18 ./emlib/em_cmu.o
 .text.CMU_HFRCOBandSet
                0x00000000       0xec ./emlib/em_cmu.o
 .text.CMU_HFXOAutostartEnable
                0x00000000       0x7c ./emlib/em_cmu.o
 .text.CMU_LCDClkFDIVGet
                0x00000000       0x10 ./emlib/em_cmu.o
 .text.CMU_LCDClkFDIVSet
                0x00000000       0x14 ./emlib/em_cmu.o
 .text.CMU_LFXOInit
                0x00000000       0x50 ./emlib/em_cmu.o
 .text.CMU_PCNTClockExternalGet
                0x00000000       0x40 ./emlib/em_cmu.o
 .text.CMU_PCNTClockExternalSet
                0x00000000       0x34 ./emlib/em_cmu.o
 .text          0x00000000        0x0 ./emlib/em_emu.o
 .data          0x00000000        0x0 ./emlib/em_emu.o
 .bss           0x00000000        0x0 ./emlib/em_emu.o
 .text.SystemCoreClockUpdate
                0x00000000        0xc ./emlib/em_emu.o
 .text.EMU_IntClear
                0x00000000       0x1c ./emlib/em_emu.o
 .text.EMU_IntGet
                0x00000000       0x18 ./emlib/em_emu.o
 .text.EMU_Unlock
                0x00000000       0x18 ./emlib/em_emu.o
 .text.CMU_Lock
                0x00000000       0x18 ./emlib/em_emu.o
 .text.CMU_Unlock
                0x00000000       0x1c ./emlib/em_emu.o
 .text.emState  0x00000000       0xd4 ./emlib/em_emu.o
 .text.dcdcFetCntSet
                0x00000000       0x50 ./emlib/em_emu.o
 .text.dcdcHsFixLnBlock
                0x00000000       0x48 ./emlib/em_emu.o
 .text.EMU_EnterEM2
                0x00000000       0x50 ./emlib/em_emu.o
 .text.EMU_EnterEM3
                0x00000000       0x78 ./emlib/em_emu.o
 .text.EMU_Save
                0x00000000        0xc ./emlib/em_emu.o
 .text.EMU_Restore
                0x00000000        0xc ./emlib/em_emu.o
 .text.EMU_EnterEM4
                0x00000000       0xbc ./emlib/em_emu.o
 .text.EMU_EnterEM4H
                0x00000000       0x18 ./emlib/em_emu.o
 .text.EMU_EnterEM4S
                0x00000000       0x18 ./emlib/em_emu.o
 .text.EMU_MemPwrDown
                0x00000000       0x20 ./emlib/em_emu.o
 .text.EMU_RamPowerDown
                0x00000000       0xa0 ./emlib/em_emu.o
 .text.EMU_UpdateOscConfig
                0x00000000        0xc ./emlib/em_emu.o
 .text.EMU_DCDCConductionModeSet
                0x00000000       0xac ./emlib/em_emu.o
 .text.EMU_DCDCPowerOff
                0x00000000       0x40 ./emlib/em_emu.o
 .text.vmonCalibratedThreshold
                0x00000000      0x198 ./emlib/em_emu.o
 .text.EMU_VmonInit
                0x00000000      0x1b8 ./emlib/em_emu.o
 .text.EMU_VmonHystInit
                0x00000000      0x100 ./emlib/em_emu.o
 .text.EMU_VmonEnable
                0x00000000       0x7c ./emlib/em_emu.o
 .text.EMU_VmonChannelStatusGet
                0x00000000       0x64 ./emlib/em_emu.o
 .text.EMU_SetBiasMode
                0x00000000       0xa4 ./emlib/em_emu.o
 .bss.cmuStatus.5878
                0x00000000        0x4 ./emlib/em_emu.o
 .bss.hfClock.5879
                0x00000000        0x1 ./emlib/em_emu.o
 .bss.emuDcdcMiscCtrlReg.5886
                0x00000000        0x4 ./emlib/em_emu.o
 .text          0x00000000        0x0 ./emlib/em_gpio.o
 .data          0x00000000        0x0 ./emlib/em_gpio.o
 .bss           0x00000000        0x0 ./emlib/em_gpio.o
 .text.BUS_RegBitWrite
                0x00000000       0x2c ./emlib/em_gpio.o
 .text.BUS_RegMaskedWrite
                0x00000000       0x24 ./emlib/em_gpio.o
 .text.GPIO_EM4SetPinRetention
                0x00000000       0x3c ./emlib/em_gpio.o
 .text.GPIO_IntClear
                0x00000000       0x20 ./emlib/em_gpio.o
 .text.GPIO_DbgLocationSet
                0x00000000       0x14 ./emlib/em_gpio.o
 .text.GPIO_DriveStrengthSet
                0x00000000       0x60 ./emlib/em_gpio.o
 .text.GPIO_ExtIntConfig
                0x00000000      0x124 ./emlib/em_gpio.o
 .text.GPIO_PinModeGet
                0x00000000       0x8c ./emlib/em_gpio.o
 .text.GPIO_EM4EnablePinWakeup
                0x00000000       0x58 ./emlib/em_gpio.o
 .text          0x00000000        0x0 ./emlib/em_system.o
 .data          0x00000000        0x0 ./emlib/em_system.o
 .bss           0x00000000        0x0 ./emlib/em_system.o
 .text.SYSTEM_GetCalibrationValue
                0x00000000       0x5c ./emlib/em_system.o
 .data          0x00000000        0x0 ./CMSIS/EFR32FG1P/startup_gcc_efr32fg1p.o
 .bss           0x00000000        0x0 ./CMSIS/EFR32FG1P/startup_gcc_efr32fg1p.o
 .text          0x00000000        0x0 ./CMSIS/EFR32FG1P/system_efr32fg1p.o
 .data          0x00000000        0x0 ./CMSIS/EFR32FG1P/system_efr32fg1p.o
 .bss           0x00000000        0x0 ./CMSIS/EFR32FG1P/system_efr32fg1p.o
 .text.SystemHFXOClockSet
                0x00000000       0x30 ./CMSIS/EFR32FG1P/system_efr32fg1p.o
 .text.SystemLFXOClockSet
                0x00000000       0x30 ./CMSIS/EFR32FG1P/system_efr32fg1p.o
 .data          0x00000000        0x0 /home/denzo/Downloads/SimplicityStudio_v4/developer/toolchains/gnu_arm/4.9_2015q3/bin/../lib/gcc/arm-none-eabi/4.9.3/armv7e-m/libgcc.a(unwind-arm.o)
 .bss           0x00000000        0x0 /home/denzo/Downloads/SimplicityStudio_v4/developer/toolchains/gnu_arm/4.9_2015q3/bin/../lib/gcc/arm-none-eabi/4.9.3/armv7e-m/libgcc.a(unwind-arm.o)
 .ARM.extab     0x00000000        0x0 /home/denzo/Downloads/SimplicityStudio_v4/developer/toolchains/gnu_arm/4.9_2015q3/bin/../lib/gcc/arm-none-eabi/4.9.3/armv7e-m/libgcc.a(unwind-arm.o)
 .debug_frame   0x00000000      0x2f4 /home/denzo/Downloads/SimplicityStudio_v4/developer/toolchains/gnu_arm/4.9_2015q3/bin/../lib/gcc/arm-none-eabi/4.9.3/armv7e-m/libgcc.a(unwind-arm.o)
 .ARM.attributes
                0x00000000       0x2e /home/denzo/Downloads/SimplicityStudio_v4/developer/toolchains/gnu_arm/4.9_2015q3/bin/../lib/gcc/arm-none-eabi/4.9.3/armv7e-m/libgcc.a(unwind-arm.o)
 .data          0x00000000        0x0 /home/denzo/Downloads/SimplicityStudio_v4/developer/toolchains/gnu_arm/4.9_2015q3/bin/../lib/gcc/arm-none-eabi/4.9.3/armv7e-m/libgcc.a(libunwind.o)
 .bss           0x00000000        0x0 /home/denzo/Downloads/SimplicityStudio_v4/developer/toolchains/gnu_arm/4.9_2015q3/bin/../lib/gcc/arm-none-eabi/4.9.3/armv7e-m/libgcc.a(libunwind.o)
 .ARM.attributes
                0x00000000       0x1e /home/denzo/Downloads/SimplicityStudio_v4/developer/toolchains/gnu_arm/4.9_2015q3/bin/../lib/gcc/arm-none-eabi/4.9.3/armv7e-m/libgcc.a(libunwind.o)
 .data          0x00000000        0x0 /home/denzo/Downloads/SimplicityStudio_v4/developer/toolchains/gnu_arm/4.9_2015q3/bin/../lib/gcc/arm-none-eabi/4.9.3/armv7e-m/libgcc.a(pr-support.o)
 .bss           0x00000000        0x0 /home/denzo/Downloads/SimplicityStudio_v4/developer/toolchains/gnu_arm/4.9_2015q3/bin/../lib/gcc/arm-none-eabi/4.9.3/armv7e-m/libgcc.a(pr-support.o)
 .debug_frame   0x00000000      0x104 /home/denzo/Downloads/SimplicityStudio_v4/developer/toolchains/gnu_arm/4.9_2015q3/bin/../lib/gcc/arm-none-eabi/4.9.3/armv7e-m/libgcc.a(pr-support.o)
 .ARM.attributes
                0x00000000       0x2e /home/denzo/Downloads/SimplicityStudio_v4/developer/toolchains/gnu_arm/4.9_2015q3/bin/../lib/gcc/arm-none-eabi/4.9.3/armv7e-m/libgcc.a(pr-support.o)
 .text          0x00000000        0x0 /home/denzo/Downloads/SimplicityStudio_v4/developer/toolchains/gnu_arm/4.9_2015q3/bin/../lib/gcc/arm-none-eabi/4.9.3/../../../../arm-none-eabi/lib/armv7e-m/libc_nano.a(lib_a-abort.o)
 .data          0x00000000        0x0 /home/denzo/Downloads/SimplicityStudio_v4/developer/toolchains/gnu_arm/4.9_2015q3/bin/../lib/gcc/arm-none-eabi/4.9.3/../../../../arm-none-eabi/lib/armv7e-m/libc_nano.a(lib_a-abort.o)
 .bss           0x00000000        0x0 /home/denzo/Downloads/SimplicityStudio_v4/developer/toolchains/gnu_arm/4.9_2015q3/bin/../lib/gcc/arm-none-eabi/4.9.3/../../../../arm-none-eabi/lib/armv7e-m/libc_nano.a(lib_a-abort.o)
 .debug_frame   0x00000000       0x28 /home/denzo/Downloads/SimplicityStudio_v4/developer/toolchains/gnu_arm/4.9_2015q3/bin/../lib/gcc/arm-none-eabi/4.9.3/../../../../arm-none-eabi/lib/armv7e-m/libc_nano.a(lib_a-abort.o)
 .ARM.attributes
                0x00000000       0x2e /home/denzo/Downloads/SimplicityStudio_v4/developer/toolchains/gnu_arm/4.9_2015q3/bin/../lib/gcc/arm-none-eabi/4.9.3/../../../../arm-none-eabi/lib/armv7e-m/libc_nano.a(lib_a-abort.o)
 .text          0x00000000        0x0 /home/denzo/Downloads/SimplicityStudio_v4/developer/toolchains/gnu_arm/4.9_2015q3/bin/../lib/gcc/arm-none-eabi/4.9.3/../../../../arm-none-eabi/lib/armv7e-m/libc_nano.a(lib_a-exit.o)
 .data          0x00000000        0x0 /home/denzo/Downloads/SimplicityStudio_v4/developer/toolchains/gnu_arm/4.9_2015q3/bin/../lib/gcc/arm-none-eabi/4.9.3/../../../../arm-none-eabi/lib/armv7e-m/libc_nano.a(lib_a-exit.o)
 .bss           0x00000000        0x0 /home/denzo/Downloads/SimplicityStudio_v4/developer/toolchains/gnu_arm/4.9_2015q3/bin/../lib/gcc/arm-none-eabi/4.9.3/../../../../arm-none-eabi/lib/armv7e-m/libc_nano.a(lib_a-exit.o)
 .text          0x00000000        0x0 /home/denzo/Downloads/SimplicityStudio_v4/developer/toolchains/gnu_arm/4.9_2015q3/bin/../lib/gcc/arm-none-eabi/4.9.3/../../../../arm-none-eabi/lib/armv7e-m/libc_nano.a(lib_a-impure.o)
 .data          0x00000000        0x0 /home/denzo/Downloads/SimplicityStudio_v4/developer/toolchains/gnu_arm/4.9_2015q3/bin/../lib/gcc/arm-none-eabi/4.9.3/../../../../arm-none-eabi/lib/armv7e-m/libc_nano.a(lib_a-impure.o)
 .bss           0x00000000        0x0 /home/denzo/Downloads/SimplicityStudio_v4/developer/toolchains/gnu_arm/4.9_2015q3/bin/../lib/gcc/arm-none-eabi/4.9.3/../../../../arm-none-eabi/lib/armv7e-m/libc_nano.a(lib_a-impure.o)
 .text          0x00000000        0x0 /home/denzo/Downloads/SimplicityStudio_v4/developer/toolchains/gnu_arm/4.9_2015q3/bin/../lib/gcc/arm-none-eabi/4.9.3/../../../../arm-none-eabi/lib/armv7e-m/libc_nano.a(lib_a-init.o)
 .data          0x00000000        0x0 /home/denzo/Downloads/SimplicityStudio_v4/developer/toolchains/gnu_arm/4.9_2015q3/bin/../lib/gcc/arm-none-eabi/4.9.3/../../../../arm-none-eabi/lib/armv7e-m/libc_nano.a(lib_a-init.o)
 .bss           0x00000000        0x0 /home/denzo/Downloads/SimplicityStudio_v4/developer/toolchains/gnu_arm/4.9_2015q3/bin/../lib/gcc/arm-none-eabi/4.9.3/../../../../arm-none-eabi/lib/armv7e-m/libc_nano.a(lib_a-init.o)
 .text          0x00000000        0x0 /home/denzo/Downloads/SimplicityStudio_v4/developer/toolchains/gnu_arm/4.9_2015q3/bin/../lib/gcc/arm-none-eabi/4.9.3/../../../../arm-none-eabi/lib/armv7e-m/libc_nano.a(lib_a-memcpy.o)
 .data          0x00000000        0x0 /home/denzo/Downloads/SimplicityStudio_v4/developer/toolchains/gnu_arm/4.9_2015q3/bin/../lib/gcc/arm-none-eabi/4.9.3/../../../../arm-none-eabi/lib/armv7e-m/libc_nano.a(lib_a-memcpy.o)
 .bss           0x00000000        0x0 /home/denzo/Downloads/SimplicityStudio_v4/developer/toolchains/gnu_arm/4.9_2015q3/bin/../lib/gcc/arm-none-eabi/4.9.3/../../../../arm-none-eabi/lib/armv7e-m/libc_nano.a(lib_a-memcpy.o)
 .debug_frame   0x00000000       0x28 /home/denzo/Downloads/SimplicityStudio_v4/developer/toolchains/gnu_arm/4.9_2015q3/bin/../lib/gcc/arm-none-eabi/4.9.3/../../../../arm-none-eabi/lib/armv7e-m/libc_nano.a(lib_a-memcpy.o)
 .ARM.attributes
                0x00000000       0x2e /home/denzo/Downloads/SimplicityStudio_v4/developer/toolchains/gnu_arm/4.9_2015q3/bin/../lib/gcc/arm-none-eabi/4.9.3/../../../../arm-none-eabi/lib/armv7e-m/libc_nano.a(lib_a-memcpy.o)
 .text          0x00000000        0x0 /home/denzo/Downloads/SimplicityStudio_v4/developer/toolchains/gnu_arm/4.9_2015q3/bin/../lib/gcc/arm-none-eabi/4.9.3/../../../../arm-none-eabi/lib/armv7e-m/libc_nano.a(lib_a-memset.o)
 .data          0x00000000        0x0 /home/denzo/Downloads/SimplicityStudio_v4/developer/toolchains/gnu_arm/4.9_2015q3/bin/../lib/gcc/arm-none-eabi/4.9.3/../../../../arm-none-eabi/lib/armv7e-m/libc_nano.a(lib_a-memset.o)
 .bss           0x00000000        0x0 /home/denzo/Downloads/SimplicityStudio_v4/developer/toolchains/gnu_arm/4.9_2015q3/bin/../lib/gcc/arm-none-eabi/4.9.3/../../../../arm-none-eabi/lib/armv7e-m/libc_nano.a(lib_a-memset.o)
 .text          0x00000000        0x0 /home/denzo/Downloads/SimplicityStudio_v4/developer/toolchains/gnu_arm/4.9_2015q3/bin/../lib/gcc/arm-none-eabi/4.9.3/../../../../arm-none-eabi/lib/armv7e-m/libc_nano.a(lib_a-signal.o)
 .data          0x00000000        0x0 /home/denzo/Downloads/SimplicityStudio_v4/developer/toolchains/gnu_arm/4.9_2015q3/bin/../lib/gcc/arm-none-eabi/4.9.3/../../../../arm-none-eabi/lib/armv7e-m/libc_nano.a(lib_a-signal.o)
 .bss           0x00000000        0x0 /home/denzo/Downloads/SimplicityStudio_v4/developer/toolchains/gnu_arm/4.9_2015q3/bin/../lib/gcc/arm-none-eabi/4.9.3/../../../../arm-none-eabi/lib/armv7e-m/libc_nano.a(lib_a-signal.o)
 .text._init_signal_r
                0x00000000       0x2c /home/denzo/Downloads/SimplicityStudio_v4/developer/toolchains/gnu_arm/4.9_2015q3/bin/../lib/gcc/arm-none-eabi/4.9.3/../../../../arm-none-eabi/lib/armv7e-m/libc_nano.a(lib_a-signal.o)
 .text._signal_r
                0x00000000       0x30 /home/denzo/Downloads/SimplicityStudio_v4/developer/toolchains/gnu_arm/4.9_2015q3/bin/../lib/gcc/arm-none-eabi/4.9.3/../../../../arm-none-eabi/lib/armv7e-m/libc_nano.a(lib_a-signal.o)
 .text.__sigtramp_r
                0x00000000       0x4a /home/denzo/Downloads/SimplicityStudio_v4/developer/toolchains/gnu_arm/4.9_2015q3/bin/../lib/gcc/arm-none-eabi/4.9.3/../../../../arm-none-eabi/lib/armv7e-m/libc_nano.a(lib_a-signal.o)
 .text.signal   0x00000000       0x14 /home/denzo/Downloads/SimplicityStudio_v4/developer/toolchains/gnu_arm/4.9_2015q3/bin/../lib/gcc/arm-none-eabi/4.9.3/../../../../arm-none-eabi/lib/armv7e-m/libc_nano.a(lib_a-signal.o)
 .text._init_signal
                0x00000000        0xc /home/denzo/Downloads/SimplicityStudio_v4/developer/toolchains/gnu_arm/4.9_2015q3/bin/../lib/gcc/arm-none-eabi/4.9.3/../../../../arm-none-eabi/lib/armv7e-m/libc_nano.a(lib_a-signal.o)
 .text.__sigtramp
                0x00000000       0x10 /home/denzo/Downloads/SimplicityStudio_v4/developer/toolchains/gnu_arm/4.9_2015q3/bin/../lib/gcc/arm-none-eabi/4.9.3/../../../../arm-none-eabi/lib/armv7e-m/libc_nano.a(lib_a-signal.o)
 .debug_frame   0x00000000       0xcc /home/denzo/Downloads/SimplicityStudio_v4/developer/toolchains/gnu_arm/4.9_2015q3/bin/../lib/gcc/arm-none-eabi/4.9.3/../../../../arm-none-eabi/lib/armv7e-m/libc_nano.a(lib_a-signal.o)
 .ARM.attributes
                0x00000000       0x2e /home/denzo/Downloads/SimplicityStudio_v4/developer/toolchains/gnu_arm/4.9_2015q3/bin/../lib/gcc/arm-none-eabi/4.9.3/../../../../arm-none-eabi/lib/armv7e-m/libc_nano.a(lib_a-signal.o)
 .text          0x00000000        0x0 /home/denzo/Downloads/SimplicityStudio_v4/developer/toolchains/gnu_arm/4.9_2015q3/bin/../lib/gcc/arm-none-eabi/4.9.3/../../../../arm-none-eabi/lib/armv7e-m/libc_nano.a(lib_a-signalr.o)
 .data          0x00000000        0x0 /home/denzo/Downloads/SimplicityStudio_v4/developer/toolchains/gnu_arm/4.9_2015q3/bin/../lib/gcc/arm-none-eabi/4.9.3/../../../../arm-none-eabi/lib/armv7e-m/libc_nano.a(lib_a-signalr.o)
 .bss           0x00000000        0x0 /home/denzo/Downloads/SimplicityStudio_v4/developer/toolchains/gnu_arm/4.9_2015q3/bin/../lib/gcc/arm-none-eabi/4.9.3/../../../../arm-none-eabi/lib/armv7e-m/libc_nano.a(lib_a-signalr.o)
 .debug_frame   0x00000000       0x3c /home/denzo/Downloads/SimplicityStudio_v4/developer/toolchains/gnu_arm/4.9_2015q3/bin/../lib/gcc/arm-none-eabi/4.9.3/../../../../arm-none-eabi/lib/armv7e-m/libc_nano.a(lib_a-signalr.o)
 .ARM.attributes
                0x00000000       0x2e /home/denzo/Downloads/SimplicityStudio_v4/developer/toolchains/gnu_arm/4.9_2015q3/bin/../lib/gcc/arm-none-eabi/4.9.3/../../../../arm-none-eabi/lib/armv7e-m/libc_nano.a(lib_a-signalr.o)
 .text          0x00000000        0x0 /home/denzo/Downloads/SimplicityStudio_v4/developer/toolchains/gnu_arm/4.9_2015q3/bin/../lib/gcc/arm-none-eabi/4.9.3/../../../../arm-none-eabi/lib/armv7e-m/libc_nano.a(lib_a-nano-mallocr.o)
 .data          0x00000000        0x0 /home/denzo/Downloads/SimplicityStudio_v4/developer/toolchains/gnu_arm/4.9_2015q3/bin/../lib/gcc/arm-none-eabi/4.9.3/../../../../arm-none-eabi/lib/armv7e-m/libc_nano.a(lib_a-nano-mallocr.o)
 .bss           0x00000000        0x0 /home/denzo/Downloads/SimplicityStudio_v4/developer/toolchains/gnu_arm/4.9_2015q3/bin/../lib/gcc/arm-none-eabi/4.9.3/../../../../arm-none-eabi/lib/armv7e-m/libc_nano.a(lib_a-nano-mallocr.o)
 .text._malloc_r
                0x00000000       0xac /home/denzo/Downloads/SimplicityStudio_v4/developer/toolchains/gnu_arm/4.9_2015q3/bin/../lib/gcc/arm-none-eabi/4.9.3/../../../../arm-none-eabi/lib/armv7e-m/libc_nano.a(lib_a-nano-mallocr.o)
 .bss.__malloc_sbrk_start
                0x00000000        0x4 /home/denzo/Downloads/SimplicityStudio_v4/developer/toolchains/gnu_arm/4.9_2015q3/bin/../lib/gcc/arm-none-eabi/4.9.3/../../../../arm-none-eabi/lib/armv7e-m/libc_nano.a(lib_a-nano-mallocr.o)
 .bss.__malloc_free_list
                0x00000000        0x4 /home/denzo/Downloads/SimplicityStudio_v4/developer/toolchains/gnu_arm/4.9_2015q3/bin/../lib/gcc/arm-none-eabi/4.9.3/../../../../arm-none-eabi/lib/armv7e-m/libc_nano.a(lib_a-nano-mallocr.o)
 .debug_frame   0x00000000       0x2c /home/denzo/Downloads/SimplicityStudio_v4/developer/toolchains/gnu_arm/4.9_2015q3/bin/../lib/gcc/arm-none-eabi/4.9.3/../../../../arm-none-eabi/lib/armv7e-m/libc_nano.a(lib_a-nano-mallocr.o)
 .ARM.attributes
                0x00000000       0x2e /home/denzo/Downloads/SimplicityStudio_v4/developer/toolchains/gnu_arm/4.9_2015q3/bin/../lib/gcc/arm-none-eabi/4.9.3/../../../../arm-none-eabi/lib/armv7e-m/libc_nano.a(lib_a-nano-mallocr.o)
 .text          0x00000000        0x0 /home/denzo/Downloads/SimplicityStudio_v4/developer/toolchains/gnu_arm/4.9_2015q3/bin/../lib/gcc/arm-none-eabi/4.9.3/../../../../arm-none-eabi/lib/armv7e-m/libc_nano.a(lib_a-reent.o)
 .data          0x00000000        0x0 /home/denzo/Downloads/SimplicityStudio_v4/developer/toolchains/gnu_arm/4.9_2015q3/bin/../lib/gcc/arm-none-eabi/4.9.3/../../../../arm-none-eabi/lib/armv7e-m/libc_nano.a(lib_a-reent.o)
 .bss           0x00000000        0x0 /home/denzo/Downloads/SimplicityStudio_v4/developer/toolchains/gnu_arm/4.9_2015q3/bin/../lib/gcc/arm-none-eabi/4.9.3/../../../../arm-none-eabi/lib/armv7e-m/libc_nano.a(lib_a-reent.o)
 .text.cleanup_glue
                0x00000000       0x1a /home/denzo/Downloads/SimplicityStudio_v4/developer/toolchains/gnu_arm/4.9_2015q3/bin/../lib/gcc/arm-none-eabi/4.9.3/../../../../arm-none-eabi/lib/armv7e-m/libc_nano.a(lib_a-reent.o)
 .text._reclaim_reent
                0x00000000       0xb4 /home/denzo/Downloads/SimplicityStudio_v4/developer/toolchains/gnu_arm/4.9_2015q3/bin/../lib/gcc/arm-none-eabi/4.9.3/../../../../arm-none-eabi/lib/armv7e-m/libc_nano.a(lib_a-reent.o)
 .debug_frame   0x00000000       0x5c /home/denzo/Downloads/SimplicityStudio_v4/developer/toolchains/gnu_arm/4.9_2015q3/bin/../lib/gcc/arm-none-eabi/4.9.3/../../../../arm-none-eabi/lib/armv7e-m/libc_nano.a(lib_a-reent.o)
 .ARM.attributes
                0x00000000       0x2e /home/denzo/Downloads/SimplicityStudio_v4/developer/toolchains/gnu_arm/4.9_2015q3/bin/../lib/gcc/arm-none-eabi/4.9.3/../../../../arm-none-eabi/lib/armv7e-m/libc_nano.a(lib_a-reent.o)
 .text          0x00000000        0x0 /home/denzo/Downloads/SimplicityStudio_v4/developer/toolchains/gnu_arm/4.9_2015q3/bin/../lib/gcc/arm-none-eabi/4.9.3/../../../../arm-none-eabi/lib/armv7e-m/libc_nano.a(lib_a-sbrkr.o)
 .data          0x00000000        0x0 /home/denzo/Downloads/SimplicityStudio_v4/developer/toolchains/gnu_arm/4.9_2015q3/bin/../lib/gcc/arm-none-eabi/4.9.3/../../../../arm-none-eabi/lib/armv7e-m/libc_nano.a(lib_a-sbrkr.o)
 .bss           0x00000000        0x0 /home/denzo/Downloads/SimplicityStudio_v4/developer/toolchains/gnu_arm/4.9_2015q3/bin/../lib/gcc/arm-none-eabi/4.9.3/../../../../arm-none-eabi/lib/armv7e-m/libc_nano.a(lib_a-sbrkr.o)
 .text._sbrk_r  0x00000000       0x20 /home/denzo/Downloads/SimplicityStudio_v4/developer/toolchains/gnu_arm/4.9_2015q3/bin/../lib/gcc/arm-none-eabi/4.9.3/../../../../arm-none-eabi/lib/armv7e-m/libc_nano.a(lib_a-sbrkr.o)
 .debug_frame   0x00000000       0x2c /home/denzo/Downloads/SimplicityStudio_v4/developer/toolchains/gnu_arm/4.9_2015q3/bin/../lib/gcc/arm-none-eabi/4.9.3/../../../../arm-none-eabi/lib/armv7e-m/libc_nano.a(lib_a-sbrkr.o)
 .ARM.attributes
                0x00000000       0x2e /home/denzo/Downloads/SimplicityStudio_v4/developer/toolchains/gnu_arm/4.9_2015q3/bin/../lib/gcc/arm-none-eabi/4.9.3/../../../../arm-none-eabi/lib/armv7e-m/libc_nano.a(lib_a-sbrkr.o)
 .text          0x00000000        0x0 /home/denzo/Downloads/SimplicityStudio_v4/developer/toolchains/gnu_arm/4.9_2015q3/bin/../lib/gcc/arm-none-eabi/4.9.3/../../../../arm-none-eabi/lib/armv7e-m/libc_nano.a(lib_a-nano-freer.o)
 .data          0x00000000        0x0 /home/denzo/Downloads/SimplicityStudio_v4/developer/toolchains/gnu_arm/4.9_2015q3/bin/../lib/gcc/arm-none-eabi/4.9.3/../../../../arm-none-eabi/lib/armv7e-m/libc_nano.a(lib_a-nano-freer.o)
 .bss           0x00000000        0x0 /home/denzo/Downloads/SimplicityStudio_v4/developer/toolchains/gnu_arm/4.9_2015q3/bin/../lib/gcc/arm-none-eabi/4.9.3/../../../../arm-none-eabi/lib/armv7e-m/libc_nano.a(lib_a-nano-freer.o)
 .text._free_r  0x00000000       0x88 /home/denzo/Downloads/SimplicityStudio_v4/developer/toolchains/gnu_arm/4.9_2015q3/bin/../lib/gcc/arm-none-eabi/4.9.3/../../../../arm-none-eabi/lib/armv7e-m/libc_nano.a(lib_a-nano-freer.o)
 .debug_frame   0x00000000       0x2c /home/denzo/Downloads/SimplicityStudio_v4/developer/toolchains/gnu_arm/4.9_2015q3/bin/../lib/gcc/arm-none-eabi/4.9.3/../../../../arm-none-eabi/lib/armv7e-m/libc_nano.a(lib_a-nano-freer.o)
 .ARM.attributes
                0x00000000       0x2e /home/denzo/Downloads/SimplicityStudio_v4/developer/toolchains/gnu_arm/4.9_2015q3/bin/../lib/gcc/arm-none-eabi/4.9.3/../../../../arm-none-eabi/lib/armv7e-m/libc_nano.a(lib_a-nano-freer.o)
 .text          0x00000000        0x0 /home/denzo/Downloads/SimplicityStudio_v4/developer/toolchains/gnu_arm/4.9_2015q3/bin/../lib/gcc/arm-none-eabi/4.9.3/../../../../arm-none-eabi/lib/armv7e-m/libnosys.a(getpid.o)
 .data          0x00000000        0x0 /home/denzo/Downloads/SimplicityStudio_v4/developer/toolchains/gnu_arm/4.9_2015q3/bin/../lib/gcc/arm-none-eabi/4.9.3/../../../../arm-none-eabi/lib/armv7e-m/libnosys.a(getpid.o)
 .bss           0x00000000        0x0 /home/denzo/Downloads/SimplicityStudio_v4/developer/toolchains/gnu_arm/4.9_2015q3/bin/../lib/gcc/arm-none-eabi/4.9.3/../../../../arm-none-eabi/lib/armv7e-m/libnosys.a(getpid.o)
 .stab          0x00000000       0x24 /home/denzo/Downloads/SimplicityStudio_v4/developer/toolchains/gnu_arm/4.9_2015q3/bin/../lib/gcc/arm-none-eabi/4.9.3/../../../../arm-none-eabi/lib/armv7e-m/libnosys.a(getpid.o)
 .debug_frame   0x00000000       0x20 /home/denzo/Downloads/SimplicityStudio_v4/developer/toolchains/gnu_arm/4.9_2015q3/bin/../lib/gcc/arm-none-eabi/4.9.3/../../../../arm-none-eabi/lib/armv7e-m/libnosys.a(getpid.o)
 .ARM.attributes
                0x00000000       0x2e /home/denzo/Downloads/SimplicityStudio_v4/developer/toolchains/gnu_arm/4.9_2015q3/bin/../lib/gcc/arm-none-eabi/4.9.3/../../../../arm-none-eabi/lib/armv7e-m/libnosys.a(getpid.o)
 .text          0x00000000        0x0 /home/denzo/Downloads/SimplicityStudio_v4/developer/toolchains/gnu_arm/4.9_2015q3/bin/../lib/gcc/arm-none-eabi/4.9.3/../../../../arm-none-eabi/lib/armv7e-m/libnosys.a(kill.o)
 .data          0x00000000        0x0 /home/denzo/Downloads/SimplicityStudio_v4/developer/toolchains/gnu_arm/4.9_2015q3/bin/../lib/gcc/arm-none-eabi/4.9.3/../../../../arm-none-eabi/lib/armv7e-m/libnosys.a(kill.o)
 .bss           0x00000000        0x0 /home/denzo/Downloads/SimplicityStudio_v4/developer/toolchains/gnu_arm/4.9_2015q3/bin/../lib/gcc/arm-none-eabi/4.9.3/../../../../arm-none-eabi/lib/armv7e-m/libnosys.a(kill.o)
 .stab          0x00000000       0x18 /home/denzo/Downloads/SimplicityStudio_v4/developer/toolchains/gnu_arm/4.9_2015q3/bin/../lib/gcc/arm-none-eabi/4.9.3/../../../../arm-none-eabi/lib/armv7e-m/libnosys.a(kill.o)
                                 0x24 (size before relaxing)
 .debug_frame   0x00000000       0x20 /home/denzo/Downloads/SimplicityStudio_v4/developer/toolchains/gnu_arm/4.9_2015q3/bin/../lib/gcc/arm-none-eabi/4.9.3/../../../../arm-none-eabi/lib/armv7e-m/libnosys.a(kill.o)
 .ARM.attributes
                0x00000000       0x2e /home/denzo/Downloads/SimplicityStudio_v4/developer/toolchains/gnu_arm/4.9_2015q3/bin/../lib/gcc/arm-none-eabi/4.9.3/../../../../arm-none-eabi/lib/armv7e-m/libnosys.a(kill.o)
 .text          0x00000000        0x0 /home/denzo/Downloads/SimplicityStudio_v4/developer/toolchains/gnu_arm/4.9_2015q3/bin/../lib/gcc/arm-none-eabi/4.9.3/../../../../arm-none-eabi/lib/armv7e-m/libnosys.a(sbrk.o)
 .data          0x00000000        0x0 /home/denzo/Downloads/SimplicityStudio_v4/developer/toolchains/gnu_arm/4.9_2015q3/bin/../lib/gcc/arm-none-eabi/4.9.3/../../../../arm-none-eabi/lib/armv7e-m/libnosys.a(sbrk.o)
 .bss           0x00000000        0x0 /home/denzo/Downloads/SimplicityStudio_v4/developer/toolchains/gnu_arm/4.9_2015q3/bin/../lib/gcc/arm-none-eabi/4.9.3/../../../../arm-none-eabi/lib/armv7e-m/libnosys.a(sbrk.o)
 .text._sbrk    0x00000000       0x1c /home/denzo/Downloads/SimplicityStudio_v4/developer/toolchains/gnu_arm/4.9_2015q3/bin/../lib/gcc/arm-none-eabi/4.9.3/../../../../arm-none-eabi/lib/armv7e-m/libnosys.a(sbrk.o)
 .bss.heap_end.4079
                0x00000000        0x4 /home/denzo/Downloads/SimplicityStudio_v4/developer/toolchains/gnu_arm/4.9_2015q3/bin/../lib/gcc/arm-none-eabi/4.9.3/../../../../arm-none-eabi/lib/armv7e-m/libnosys.a(sbrk.o)
 .debug_frame   0x00000000       0x20 /home/denzo/Downloads/SimplicityStudio_v4/developer/toolchains/gnu_arm/4.9_2015q3/bin/../lib/gcc/arm-none-eabi/4.9.3/../../../../arm-none-eabi/lib/armv7e-m/libnosys.a(sbrk.o)
 .ARM.attributes
                0x00000000       0x2e /home/denzo/Downloads/SimplicityStudio_v4/developer/toolchains/gnu_arm/4.9_2015q3/bin/../lib/gcc/arm-none-eabi/4.9.3/../../../../arm-none-eabi/lib/armv7e-m/libnosys.a(sbrk.o)
 .text          0x00000000        0x0 /home/denzo/Downloads/SimplicityStudio_v4/developer/toolchains/gnu_arm/4.9_2015q3/bin/../lib/gcc/arm-none-eabi/4.9.3/../../../../arm-none-eabi/lib/armv7e-m/libnosys.a(_exit.o)
 .data          0x00000000        0x0 /home/denzo/Downloads/SimplicityStudio_v4/developer/toolchains/gnu_arm/4.9_2015q3/bin/../lib/gcc/arm-none-eabi/4.9.3/../../../../arm-none-eabi/lib/armv7e-m/libnosys.a(_exit.o)
 .bss           0x00000000        0x0 /home/denzo/Downloads/SimplicityStudio_v4/developer/toolchains/gnu_arm/4.9_2015q3/bin/../lib/gcc/arm-none-eabi/4.9.3/../../../../arm-none-eabi/lib/armv7e-m/libnosys.a(_exit.o)
 .text          0x00000000        0x0 /home/denzo/Downloads/SimplicityStudio_v4/developer/toolchains/gnu_arm/4.9_2015q3/bin/../lib/gcc/arm-none-eabi/4.9.3/armv7e-m/crtend.o
 .data          0x00000000        0x0 /home/denzo/Downloads/SimplicityStudio_v4/developer/toolchains/gnu_arm/4.9_2015q3/bin/../lib/gcc/arm-none-eabi/4.9.3/armv7e-m/crtend.o
 .bss           0x00000000        0x0 /home/denzo/Downloads/SimplicityStudio_v4/developer/toolchains/gnu_arm/4.9_2015q3/bin/../lib/gcc/arm-none-eabi/4.9.3/armv7e-m/crtend.o
 .text          0x00000000        0x0 /home/denzo/Downloads/SimplicityStudio_v4/developer/toolchains/gnu_arm/4.9_2015q3/bin/../lib/gcc/arm-none-eabi/4.9.3/armv7e-m/crtn.o
 .data          0x00000000        0x0 /home/denzo/Downloads/SimplicityStudio_v4/developer/toolchains/gnu_arm/4.9_2015q3/bin/../lib/gcc/arm-none-eabi/4.9.3/armv7e-m/crtn.o
 .bss           0x00000000        0x0 /home/denzo/Downloads/SimplicityStudio_v4/developer/toolchains/gnu_arm/4.9_2015q3/bin/../lib/gcc/arm-none-eabi/4.9.3/armv7e-m/crtn.o

Memory Configuration

Name             Origin             Length             Attributes
FLASH            0x00000000         0x00040000         xr
RAM              0x20000000         0x00008000         xrw
*default*        0x00000000         0xffffffff

Linker script and memory map

LOAD /home/denzo/Downloads/SimplicityStudio_v4/developer/toolchains/gnu_arm/4.9_2015q3/bin/../lib/gcc/arm-none-eabi/4.9.3/armv7e-m/crti.o
LOAD /home/denzo/Downloads/SimplicityStudio_v4/developer/toolchains/gnu_arm/4.9_2015q3/bin/../lib/gcc/arm-none-eabi/4.9.3/armv7e-m/crtbegin.o
LOAD /home/denzo/Downloads/SimplicityStudio_v4/developer/toolchains/gnu_arm/4.9_2015q3/bin/../lib/gcc/arm-none-eabi/4.9.3/../../../../arm-none-eabi/lib/armv7e-m/crt0.o
LOAD ./src/InitDevice.o
LOAD ./src/main.o
LOAD ./emlib/em_assert.o
LOAD ./emlib/em_cmu.o
LOAD ./emlib/em_emu.o
LOAD ./emlib/em_gpio.o
LOAD ./emlib/em_system.o
LOAD ./CMSIS/EFR32FG1P/startup_gcc_efr32fg1p.o
LOAD ./CMSIS/EFR32FG1P/system_efr32fg1p.o
START GROUP
LOAD /home/denzo/Downloads/SimplicityStudio_v4/developer/toolchains/gnu_arm/4.9_2015q3/bin/../lib/gcc/arm-none-eabi/4.9.3/armv7e-m/libgcc.a
LOAD /home/denzo/Downloads/SimplicityStudio_v4/developer/toolchains/gnu_arm/4.9_2015q3/bin/../lib/gcc/arm-none-eabi/4.9.3/../../../../arm-none-eabi/lib/armv7e-m/libnosys.a
END GROUP
LOAD /home/denzo/Downloads/SimplicityStudio_v4/developer/toolchains/gnu_arm/4.9_2015q3/bin/../lib/gcc/arm-none-eabi/4.9.3/../../../../arm-none-eabi/lib/armv7e-m/libstdc++_nano.a
LOAD /home/denzo/Downloads/SimplicityStudio_v4/developer/toolchains/gnu_arm/4.9_2015q3/bin/../lib/gcc/arm-none-eabi/4.9.3/../../../../arm-none-eabi/lib/armv7e-m/libm.a
LOAD /home/denzo/Downloads/SimplicityStudio_v4/developer/toolchains/gnu_arm/4.9_2015q3/bin/../lib/gcc/arm-none-eabi/4.9.3/../../../../arm-none-eabi/lib/armv7e-m/libc_nano.a
START GROUP
LOAD /home/denzo/Downloads/SimplicityStudio_v4/developer/toolchains/gnu_arm/4.9_2015q3/bin/../lib/gcc/arm-none-eabi/4.9.3/armv7e-m/libgcc.a
LOAD /home/denzo/Downloads/SimplicityStudio_v4/developer/toolchains/gnu_arm/4.9_2015q3/bin/../lib/gcc/arm-none-eabi/4.9.3/../../../../arm-none-eabi/lib/armv7e-m/libg_nano.a
LOAD /home/denzo/Downloads/SimplicityStudio_v4/developer/toolchains/gnu_arm/4.9_2015q3/bin/../lib/gcc/arm-none-eabi/4.9.3/../../../../arm-none-eabi/lib/armv7e-m/libc_nano.a
END GROUP
START GROUP
LOAD /home/denzo/Downloads/SimplicityStudio_v4/developer/toolchains/gnu_arm/4.9_2015q3/bin/../lib/gcc/arm-none-eabi/4.9.3/armv7e-m/libgcc.a
LOAD /home/denzo/Downloads/SimplicityStudio_v4/developer/toolchains/gnu_arm/4.9_2015q3/bin/../lib/gcc/arm-none-eabi/4.9.3/../../../../arm-none-eabi/lib/armv7e-m/libc_nano.a
LOAD /home/denzo/Downloads/SimplicityStudio_v4/developer/toolchains/gnu_arm/4.9_2015q3/bin/../lib/gcc/arm-none-eabi/4.9.3/../../../../arm-none-eabi/lib/armv7e-m/libnosys.a
END GROUP
START GROUP
LOAD /home/denzo/Downloads/SimplicityStudio_v4/developer/toolchains/gnu_arm/4.9_2015q3/bin/../lib/gcc/arm-none-eabi/4.9.3/armv7e-m/libgcc.a
LOAD /home/denzo/Downloads/SimplicityStudio_v4/developer/toolchains/gnu_arm/4.9_2015q3/bin/../lib/gcc/arm-none-eabi/4.9.3/../../../../arm-none-eabi/lib/armv7e-m/libc_nano.a
LOAD /home/denzo/Downloads/SimplicityStudio_v4/developer/toolchains/gnu_arm/4.9_2015q3/bin/../lib/gcc/arm-none-eabi/4.9.3/../../../../arm-none-eabi/lib/armv7e-m/libnosys.a
END GROUP
LOAD /home/denzo/Downloads/SimplicityStudio_v4/developer/toolchains/gnu_arm/4.9_2015q3/bin/../lib/gcc/arm-none-eabi/4.9.3/armv7e-m/crtend.o
LOAD /home/denzo/Downloads/SimplicityStudio_v4/developer/toolchains/gnu_arm/4.9_2015q3/bin/../lib/gcc/arm-none-eabi/4.9.3/armv7e-m/crtn.o

.text           0x00000000     0x3538
 *(.vectors)
 .vectors       0x00000000       0xc8 ./CMSIS/EFR32FG1P/startup_gcc_efr32fg1p.o
                0x00000000                __Vectors
                0x000000c8                __Vectors_End = .
                0x000000c8                __Vectors_Size = (__Vectors_End - __Vectors)
                0x000000c8                __end__ = .
 *(.text*)
 .text          0x000000c8       0x5c /home/denzo/Downloads/SimplicityStudio_v4/developer/toolchains/gnu_arm/4.9_2015q3/bin/../lib/gcc/arm-none-eabi/4.9.3/armv7e-m/crtbegin.o
 .text          0x00000124       0x74 /home/denzo/Downloads/SimplicityStudio_v4/developer/toolchains/gnu_arm/4.9_2015q3/bin/../lib/gcc/arm-none-eabi/4.9.3/../../../../arm-none-eabi/lib/armv7e-m/crt0.o
                0x00000124                _mainCRTStartup
                0x00000124                _start
 .text.SYSTEM_GetProdRev
                0x00000198       0x1c ./src/InitDevice.o
 .text.BUS_RegBitWrite
                0x000001b4       0x2c ./src/InitDevice.o
 .text.CHIP_Init
                0x000001e0       0xb4 ./src/InitDevice.o
 .text.enter_DefaultMode_from_RESET
                0x00000294       0x18 ./src/InitDevice.o
                0x00000294                enter_DefaultMode_from_RESET
 .text.EMU_enter_DefaultMode_from_RESET
                0x000002ac       0x90 ./src/InitDevice.o
                0x000002ac                EMU_enter_DefaultMode_from_RESET
 .text.CMU_enter_DefaultMode_from_RESET
                0x0000033c       0x7c ./src/InitDevice.o
                0x0000033c                CMU_enter_DefaultMode_from_RESET
 .text.PORTIO_enter_DefaultMode_from_RESET
                0x000003b8       0x38 ./src/InitDevice.o
                0x000003b8                PORTIO_enter_DefaultMode_from_RESET
 .text.BUS_RegBitRead
                0x000003f0       0x2c ./src/main.o
 .text.BUS_RegMaskedSet
                0x0000041c       0x24 ./src/main.o
 .text.BUS_RegMaskedClear
                0x00000440       0x24 ./src/main.o
 .text.GPIO_PinInGet
                0x00000464       0x38 ./src/main.o
 .text.GPIO_PinOutClear
                0x0000049c       0x38 ./src/main.o
 .text.GPIO_PinOutSet
                0x000004d4       0x38 ./src/main.o
 .text.GPIO_PinOutToggle
                0x0000050c       0x38 ./src/main.o
 .text._Z7readPB0v
                0x00000544       0x1c ./src/main.o
                0x00000544                readPB0()
 .text.main     0x00000560       0x44 ./src/main.o
                0x00000560                main
 .text._Z6setLEDIL17GPIO_Port_TypeDef5ELj5EEvb
                0x000005a4       0x28 ./src/main.o
                0x000005a4                void setLED<(GPIO_Port_TypeDef)5, 5u>(bool)
 .text.BUS_RegBitWrite
                0x000005cc       0x2c ./emlib/em_cmu.o
 .text.BUS_RegBitRead
                0x000005f8       0x2c ./emlib/em_cmu.o
 .text.CMU_Log2ToDiv
                0x00000624       0x1c ./emlib/em_cmu.o
 .text.setHfLeConfig
                0x00000640       0x64 ./emlib/em_cmu.o
 .text.auxClkGet
                0x000006a4       0x20 ./emlib/em_cmu.o
 .text.hfSrcClkGet
                0x000006c4       0x2c ./emlib/em_cmu.o
 .text.dbgClkGet
                0x000006f0       0x40 ./emlib/em_cmu.o
 .text.adcAsyncClkGet
                0x00000730       0x80 ./emlib/em_cmu.o
 .text.flashWaitStateControl
                0x000007b0       0x7c ./emlib/em_cmu.o
 .text.flashWaitStateMax
                0x0000082c       0x14 ./emlib/em_cmu.o
 .text.CMU_UpdateWaitStates
                0x00000840       0x18 ./emlib/em_cmu.o
                0x00000840                CMU_UpdateWaitStates
 .text.getRegIshUpperVal
                0x00000858       0x38 ./emlib/em_cmu.o
 .text.getHfxoTuningMode
                0x00000890       0x1c ./emlib/em_cmu.o
 .text.setHfxoTuningMode
                0x000008ac       0x28 ./emlib/em_cmu.o
 .text.lfClkGet
                0x000008d4       0xec ./emlib/em_cmu.o
 .text.syncReg  0x000009c0       0x38 ./emlib/em_cmu.o
 .text.CMU_ClockEnable
                0x000009f8       0xcc ./emlib/em_cmu.o
                0x000009f8                CMU_ClockEnable
 .text.CMU_ClockFreqGet
                0x00000ac4      0x198 ./emlib/em_cmu.o
                0x00000ac4                CMU_ClockFreqGet
 .text.CMU_ClockSelectGet
                0x00000c5c      0x190 ./emlib/em_cmu.o
                0x00000c5c                CMU_ClockSelectGet
 .text.CMU_ClockSelectSet
                0x00000dec      0x260 ./emlib/em_cmu.o
                0x00000dec                CMU_ClockSelectSet
 .text.CMU_HFXOInit
                0x0000104c       0xf4 ./emlib/em_cmu.o
                0x0000104c                CMU_HFXOInit
 .text.CMU_OscillatorEnable
                0x00001140      0x174 ./emlib/em_cmu.o
                0x00001140                CMU_OscillatorEnable
 .text.CMU_OscillatorTuningGet
                0x000012b4       0x74 ./emlib/em_cmu.o
                0x000012b4                CMU_OscillatorTuningGet
 .text.CMU_OscillatorTuningSet
                0x00001328      0x100 ./emlib/em_cmu.o
                0x00001328                CMU_OscillatorTuningSet
 .text.CMU_OscillatorTuningWait
                0x00001428       0x94 ./emlib/em_cmu.o
                0x00001428                CMU_OscillatorTuningWait
 .text.CMU_OscillatorTuningOptimize
                0x000014bc       0x54 ./emlib/em_cmu.o
                0x000014bc                CMU_OscillatorTuningOptimize
 .text.BUS_RegBitWrite
                0x00001510       0x2c ./emlib/em_emu.o
 .text.BUS_RegBitRead
                0x0000153c       0x2c ./emlib/em_emu.o
 .text.SYSTEM_GetDevinfoRev
                0x00001568       0x18 ./emlib/em_emu.o
 .text.EMU_EM23Init
                0x00001580       0x14 ./emlib/em_emu.o
                0x00001580                EMU_EM23Init
 .text.EMU_EM4Init
                0x00001594       0x74 ./emlib/em_emu.o
                0x00001594                EMU_EM4Init
 .text.dcdcConstCalibrationLoad
                0x00001608       0xc4 ./emlib/em_emu.o
 .text.dcdcValidatedConfigSet
                0x000016cc       0xb0 ./emlib/em_emu.o
 .text.currentLimitersUpdate
                0x0000177c       0xec ./emlib/em_emu.o
 .text.userCurrentLimitsSet
                0x00001868       0x2c ./emlib/em_emu.o
 .text.compCtrlSet
                0x00001894       0x3c ./emlib/em_emu.o
 .text.lpCmpHystCalibrationLoad
                0x000018d0       0xd0 ./emlib/em_emu.o
 .text.lpGetDevinfoVrefLowHigh
                0x000019a0      0x15c ./emlib/em_emu.o
 .text.EMU_DCDCModeSet
                0x00001afc       0xb8 ./emlib/em_emu.o
                0x00001afc                EMU_DCDCModeSet
 .text.EMU_DCDCInit
                0x00001bb4      0x114 ./emlib/em_emu.o
                0x00001bb4                EMU_DCDCInit
 .text.EMU_DCDCOutputVoltageSet
                0x00001cc8      0x20c ./emlib/em_emu.o
                0x00001cc8                EMU_DCDCOutputVoltageSet
 .text.EMU_DCDCOptimizeSlice
                0x00001ed4       0xd8 ./emlib/em_emu.o
                0x00001ed4                EMU_DCDCOptimizeSlice
 .text.EMU_DCDCLnRcoBandSet
                0x00001fac       0x54 ./emlib/em_emu.o
                0x00001fac                EMU_DCDCLnRcoBandSet
 .text.BUS_RegMaskedSet
                0x00002000       0x24 ./emlib/em_gpio.o
 .text.BUS_RegMaskedClear
                0x00002024       0x24 ./emlib/em_gpio.o
 .text.GPIO_PinOutClear
                0x00002048       0x58 ./emlib/em_gpio.o
 .text.GPIO_PinOutSet
                0x000020a0       0x58 ./emlib/em_gpio.o
 .text.GPIO_PinModeSet
                0x000020f8      0x10c ./emlib/em_gpio.o
                0x000020f8                GPIO_PinModeSet
 .text.SYSTEM_ChipRevisionGet
                0x00002204       0x74 ./emlib/em_system.o
                0x00002204                SYSTEM_ChipRevisionGet
 .text          0x00002278       0x30 ./CMSIS/EFR32FG1P/startup_gcc_efr32fg1p.o
                0x00002278                Reset_Handler
                0x000022a4                DebugMon_Handler
                0x000022a4                USART0_TX_IRQHandler
                0x000022a4                I2C0_IRQHandler
                0x000022a4                HardFault_Handler
                0x000022a4                SysTick_Handler
                0x000022a4                USART1_RX_IRQHandler
                0x000022a4                PendSV_Handler
                0x000022a4                NMI_Handler
                0x000022a4                SYNTH_IRQHandler
                0x000022a4                WDOG0_IRQHandler
                0x000022a4                USART1_TX_IRQHandler
                0x000022a4                MSC_IRQHandler
                0x000022a4                ADC0_IRQHandler
                0x000022a4                UsageFault_Handler
                0x000022a4                LEUART0_IRQHandler
                0x000022a4                FPUEH_IRQHandler
                0x000022a4                GPIO_EVEN_IRQHandler
                0x000022a4                LDMA_IRQHandler
                0x000022a4                TIMER0_IRQHandler
                0x000022a4                LETIMER0_IRQHandler
                0x000022a4                TIMER1_IRQHandler
                0x000022a4                RFSENSE_IRQHandler
                0x000022a4                BUFC_IRQHandler
                0x000022a4                MODEM_IRQHandler
                0x000022a4                Default_Handler
                0x000022a4                RAC_SEQ_IRQHandler
                0x000022a4                FRC_PRI_IRQHandler
                0x000022a4                EMU_IRQHandler
                0x000022a4                FRC_IRQHandler
                0x000022a4                CRYOTIMER_IRQHandler
                0x000022a4                PCNT0_IRQHandler
                0x000022a4                AGC_IRQHandler
                0x000022a4                ACMP0_IRQHandler
                0x000022a4                USART0_RX_IRQHandler
                0x000022a4                MemManage_Handler
                0x000022a4                SVC_Handler
                0x000022a4                RTCC_IRQHandler
                0x000022a4                CRYPTO_IRQHandler
                0x000022a4                CMU_IRQHandler
                0x000022a4                RAC_RSM_IRQHandler
                0x000022a4                GPIO_ODD_IRQHandler
                0x000022a4                PROTIMER_IRQHandler
                0x000022a4                BusFault_Handler
                0x000022a4                IDAC0_IRQHandler
 .text.SystemCoreClockGet
                0x000022a8       0x44 ./CMSIS/EFR32FG1P/system_efr32fg1p.o
                0x000022a8                SystemCoreClockGet
 .text.SystemMaxCoreClockGet
                0x000022ec       0x14 ./CMSIS/EFR32FG1P/system_efr32fg1p.o
                0x000022ec                SystemMaxCoreClockGet
 .text.SystemHFClockGet
                0x00002300       0x70 ./CMSIS/EFR32FG1P/system_efr32fg1p.o
                0x00002300                SystemHFClockGet
 .text.SystemHFXOClockGet
                0x00002370       0x18 ./CMSIS/EFR32FG1P/system_efr32fg1p.o
                0x00002370                SystemHFXOClockGet
 .text.SystemInit
                0x00002388       0x5c ./CMSIS/EFR32FG1P/system_efr32fg1p.o
                0x00002388                SystemInit
 .text.SystemLFRCOClockGet
                0x000023e4       0x14 ./CMSIS/EFR32FG1P/system_efr32fg1p.o
                0x000023e4                SystemLFRCOClockGet
 .text.SystemULFRCOClockGet
                0x000023f8       0x14 ./CMSIS/EFR32FG1P/system_efr32fg1p.o
                0x000023f8                SystemULFRCOClockGet
 .text.SystemLFXOClockGet
                0x0000240c       0x18 ./CMSIS/EFR32FG1P/system_efr32fg1p.o
                0x0000240c                SystemLFXOClockGet
 .text          0x00002424      0xa50 /home/denzo/Downloads/SimplicityStudio_v4/developer/toolchains/gnu_arm/4.9_2015q3/bin/../lib/gcc/arm-none-eabi/4.9.3/armv7e-m/libgcc.a(unwind-arm.o)
                0x00002700                _Unwind_GetCFA
                0x00002704                __gnu_Unwind_RaiseException
                0x00002764                __gnu_Unwind_ForcedUnwind
                0x00002778                __gnu_Unwind_Resume
                0x000027bc                __gnu_Unwind_Resume_or_Rethrow
                0x000027cc                _Unwind_Complete
                0x000027d0                _Unwind_DeleteException
                0x000027dc                _Unwind_VRS_Get
                0x0000282c                _Unwind_VRS_Set
                0x0000287c                __gnu_Unwind_Backtrace
                0x00002bc0                __aeabi_unwind_cpp_pr0
                0x00002bc4                __aeabi_unwind_cpp_pr1
                0x00002bc8                __aeabi_unwind_cpp_pr2
                0x00002bcc                _Unwind_VRS_Pop
 .text          0x00002e74      0x1ac /home/denzo/Downloads/SimplicityStudio_v4/developer/toolchains/gnu_arm/4.9_2015q3/bin/../lib/gcc/arm-none-eabi/4.9.3/armv7e-m/libgcc.a(libunwind.o)
                0x00002e74                __restore_core_regs
                0x00002e74                restore_core_regs
                0x00002e8c                __gnu_Unwind_Restore_VFP
                0x00002e94                __gnu_Unwind_Save_VFP
                0x00002e9c                __gnu_Unwind_Restore_VFP_D
                0x00002ea4                __gnu_Unwind_Save_VFP_D
                0x00002eac                __gnu_Unwind_Restore_VFP_D_16_to_31
                0x00002eb4                __gnu_Unwind_Save_VFP_D_16_to_31
                0x00002ebc                __gnu_Unwind_Restore_WMMXD
                0x00002f00                __gnu_Unwind_Save_WMMXD
                0x00002f44                __gnu_Unwind_Restore_WMMXC
                0x00002f58                __gnu_Unwind_Save_WMMXC
                0x00002f6c                ___Unwind_RaiseException
                0x00002f6c                _Unwind_RaiseException
                0x00002f90                ___Unwind_Resume
                0x00002f90                _Unwind_Resume
                0x00002fb4                _Unwind_Resume_or_Rethrow
                0x00002fb4                ___Unwind_Resume_or_Rethrow
                0x00002fd8                ___Unwind_ForcedUnwind
                0x00002fd8                _Unwind_ForcedUnwind
                0x00002ffc                _Unwind_Backtrace
                0x00002ffc                ___Unwind_Backtrace
 .text          0x00003020      0x37c /home/denzo/Downloads/SimplicityStudio_v4/developer/toolchains/gnu_arm/4.9_2015q3/bin/../lib/gcc/arm-none-eabi/4.9.3/armv7e-m/libgcc.a(pr-support.o)
                0x00003078                __gnu_unwind_execute
                0x00003344                __gnu_unwind_frame
                0x0000336c                _Unwind_GetRegionStart
                0x00003378                _Unwind_GetLanguageSpecificData
                0x0000338c                _Unwind_GetDataRelBase
                0x00003394                _Unwind_GetTextRelBase
 .text.abort    0x0000339c        0xe /home/denzo/Downloads/SimplicityStudio_v4/developer/toolchains/gnu_arm/4.9_2015q3/bin/../lib/gcc/arm-none-eabi/4.9.3/../../../../arm-none-eabi/lib/armv7e-m/libc_nano.a(lib_a-abort.o)
                0x0000339c                abort
 *fill*         0x000033aa        0x2 
 .text.exit     0x000033ac       0x28 /home/denzo/Downloads/SimplicityStudio_v4/developer/toolchains/gnu_arm/4.9_2015q3/bin/../lib/gcc/arm-none-eabi/4.9.3/../../../../arm-none-eabi/lib/armv7e-m/libc_nano.a(lib_a-exit.o)
                0x000033ac                exit
 .text.__libc_init_array
                0x000033d4       0x4c /home/denzo/Downloads/SimplicityStudio_v4/developer/toolchains/gnu_arm/4.9_2015q3/bin/../lib/gcc/arm-none-eabi/4.9.3/../../../../arm-none-eabi/lib/armv7e-m/libc_nano.a(lib_a-init.o)
                0x000033d4                __libc_init_array
 .text.memcpy   0x00003420       0x16 /home/denzo/Downloads/SimplicityStudio_v4/developer/toolchains/gnu_arm/4.9_2015q3/bin/../lib/gcc/arm-none-eabi/4.9.3/../../../../arm-none-eabi/lib/armv7e-m/libc_nano.a(lib_a-memcpy.o)
                0x00003420                memcpy
 .text.memset   0x00003436       0x10 /home/denzo/Downloads/SimplicityStudio_v4/developer/toolchains/gnu_arm/4.9_2015q3/bin/../lib/gcc/arm-none-eabi/4.9.3/../../../../arm-none-eabi/lib/armv7e-m/libc_nano.a(lib_a-memset.o)
                0x00003436                memset
 .text._raise_r
                0x00003446       0x50 /home/denzo/Downloads/SimplicityStudio_v4/developer/toolchains/gnu_arm/4.9_2015q3/bin/../lib/gcc/arm-none-eabi/4.9.3/../../../../arm-none-eabi/lib/armv7e-m/libc_nano.a(lib_a-signal.o)
                0x00003446                _raise_r
 *fill*         0x00003496        0x2 
 .text.raise    0x00003498       0x10 /home/denzo/Downloads/SimplicityStudio_v4/developer/toolchains/gnu_arm/4.9_2015q3/bin/../lib/gcc/arm-none-eabi/4.9.3/../../../../arm-none-eabi/lib/armv7e-m/libc_nano.a(lib_a-signal.o)
                0x00003498                raise
 .text._kill_r  0x000034a8       0x24 /home/denzo/Downloads/SimplicityStudio_v4/developer/toolchains/gnu_arm/4.9_2015q3/bin/../lib/gcc/arm-none-eabi/4.9.3/../../../../arm-none-eabi/lib/armv7e-m/libc_nano.a(lib_a-signalr.o)
                0x000034a8                _kill_r
 .text._getpid_r
                0x000034cc        0x4 /home/denzo/Downloads/SimplicityStudio_v4/developer/toolchains/gnu_arm/4.9_2015q3/bin/../lib/gcc/arm-none-eabi/4.9.3/../../../../arm-none-eabi/lib/armv7e-m/libc_nano.a(lib_a-signalr.o)
                0x000034cc                _getpid_r
 .text._getpid  0x000034d0       0x10 /home/denzo/Downloads/SimplicityStudio_v4/developer/toolchains/gnu_arm/4.9_2015q3/bin/../lib/gcc/arm-none-eabi/4.9.3/../../../../arm-none-eabi/lib/armv7e-m/libnosys.a(getpid.o)
                0x000034d0                _getpid
 .text._kill    0x000034e0       0x10 /home/denzo/Downloads/SimplicityStudio_v4/developer/toolchains/gnu_arm/4.9_2015q3/bin/../lib/gcc/arm-none-eabi/4.9.3/../../../../arm-none-eabi/lib/armv7e-m/libnosys.a(kill.o)
                0x000034e0                _kill
 .text._exit    0x000034f0        0x4 /home/denzo/Downloads/SimplicityStudio_v4/developer/toolchains/gnu_arm/4.9_2015q3/bin/../lib/gcc/arm-none-eabi/4.9.3/../../../../arm-none-eabi/lib/armv7e-m/libnosys.a(_exit.o)
                0x000034f0                _exit
 *(.init)
 .init          0x000034f4        0x4 /home/denzo/Downloads/SimplicityStudio_v4/developer/toolchains/gnu_arm/4.9_2015q3/bin/../lib/gcc/arm-none-eabi/4.9.3/armv7e-m/crti.o
                0x000034f4                _init
 .init          0x000034f8        0x8 /home/denzo/Downloads/SimplicityStudio_v4/developer/toolchains/gnu_arm/4.9_2015q3/bin/../lib/gcc/arm-none-eabi/4.9.3/armv7e-m/crtn.o
 *(.fini)
 .fini          0x00003500        0x4 /home/denzo/Downloads/SimplicityStudio_v4/developer/toolchains/gnu_arm/4.9_2015q3/bin/../lib/gcc/arm-none-eabi/4.9.3/armv7e-m/crti.o
                0x00003500                _fini
 .fini          0x00003504        0x8 /home/denzo/Downloads/SimplicityStudio_v4/developer/toolchains/gnu_arm/4.9_2015q3/bin/../lib/gcc/arm-none-eabi/4.9.3/armv7e-m/crtn.o
 *crtbegin.o(.ctors)
 *crtbegin?.o(.ctors)
 *(EXCLUDE_FILE(*crtend.o *crtend?.o) .ctors)
 *(SORT(.ctors.*))
 *(.ctors)
 *crtbegin.o(.dtors)
 *crtbegin?.o(.dtors)
 *(EXCLUDE_FILE(*crtend.o *crtend?.o) .dtors)
 *(SORT(.dtors.*))
 *(.dtors)
 *(.rodata*)
 .rodata        0x0000350c       0x22 ./src/InitDevice.o
 .rodata.str1.1
                0x0000352e        0x2 /home/denzo/Downloads/SimplicityStudio_v4/developer/toolchains/gnu_arm/4.9_2015q3/bin/../lib/gcc/arm-none-eabi/4.9.3/../../../../arm-none-eabi/lib/armv7e-m/libc_nano.a(lib_a-impure.o)
 .rodata._global_impure_ptr
                0x00003530        0x4 /home/denzo/Downloads/SimplicityStudio_v4/developer/toolchains/gnu_arm/4.9_2015q3/bin/../lib/gcc/arm-none-eabi/4.9.3/../../../../arm-none-eabi/lib/armv7e-m/libc_nano.a(lib_a-impure.o)
                0x00003530                _global_impure_ptr
 *(.eh_frame*)
 .eh_frame      0x00003534        0x0 /home/denzo/Downloads/SimplicityStudio_v4/developer/toolchains/gnu_arm/4.9_2015q3/bin/../lib/gcc/arm-none-eabi/4.9.3/armv7e-m/crtbegin.o
 .eh_frame      0x00003534        0x4 /home/denzo/Downloads/SimplicityStudio_v4/developer/toolchains/gnu_arm/4.9_2015q3/bin/../lib/gcc/arm-none-eabi/4.9.3/armv7e-m/crtend.o

.glue_7         0x00003538        0x0
 .glue_7        0x00000000        0x0 linker stubs

.glue_7t        0x00003538        0x0
 .glue_7t       0x00000000        0x0 linker stubs

.vfp11_veneer   0x00003538        0x0
 .vfp11_veneer  0x00000000        0x0 linker stubs

.v4_bx          0x00003538        0x0
 .v4_bx         0x00000000        0x0 linker stubs

.iplt           0x00003538        0x0
 .iplt          0x00000000        0x0 /home/denzo/Downloads/SimplicityStudio_v4/developer/toolchains/gnu_arm/4.9_2015q3/bin/../lib/gcc/arm-none-eabi/4.9.3/armv7e-m/crtbegin.o

.ARM.extab      0x00003538       0x24
 *(.ARM.extab* .gnu.linkonce.armextab.*)
 .ARM.extab.text.main
                0x00003538        0xc ./src/main.o
 .ARM.extab.text._Z6setLEDIL17GPIO_Port_TypeDef5ELj5EEvb
                0x00003544        0x0 ./src/main.o
 .ARM.extab     0x00003544       0x18 /home/denzo/Downloads/SimplicityStudio_v4/developer/toolchains/gnu_arm/4.9_2015q3/bin/../lib/gcc/arm-none-eabi/4.9.3/armv7e-m/libgcc.a(pr-support.o)
                0x0000355c                __exidx_start = .

.ARM.exidx      0x0000355c       0xc8
 *(.ARM.exidx* .gnu.linkonce.armexidx.*)
 .ARM.exidx     0x0000355c        0x8 /home/denzo/Downloads/SimplicityStudio_v4/developer/toolchains/gnu_arm/4.9_2015q3/bin/../lib/gcc/arm-none-eabi/4.9.3/../../../../arm-none-eabi/lib/armv7e-m/crt0.o
 .ARM.exidx.text.BUS_RegBitRead
                0x00003564        0x0 ./src/main.o
                                  0x8 (size before relaxing)
 .ARM.exidx.text.BUS_RegMaskedSet
                0x00003564        0x0 ./src/main.o
                                  0x8 (size before relaxing)
 .ARM.exidx.text.BUS_RegMaskedClear
                0x00003564        0x0 ./src/main.o
                                  0x8 (size before relaxing)
 .ARM.exidx.text.GPIO_PinInGet
                0x00003564        0x0 ./src/main.o
                                  0x8 (size before relaxing)
 .ARM.exidx.text.GPIO_PinOutClear
                0x00003564        0x0 ./src/main.o
                                  0x8 (size before relaxing)
 .ARM.exidx.text.GPIO_PinOutSet
                0x00003564        0x0 ./src/main.o
                                  0x8 (size before relaxing)
 .ARM.exidx.text.GPIO_PinOutToggle
                0x00003564        0x0 ./src/main.o
                                  0x8 (size before relaxing)
 .ARM.exidx.text._Z7readPB0v
                0x00003564        0x0 ./src/main.o
                                  0x8 (size before relaxing)
 .ARM.exidx.text.main
                0x00003564        0x8 ./src/main.o
 .ARM.exidx.text._Z6setLEDIL17GPIO_Port_TypeDef5ELj5EEvb
                0x0000356c        0x8 ./src/main.o
 .ARM.exidx     0x00003574       0x78 /home/denzo/Downloads/SimplicityStudio_v4/developer/toolchains/gnu_arm/4.9_2015q3/bin/../lib/gcc/arm-none-eabi/4.9.3/armv7e-m/libgcc.a(unwind-arm.o)
                                 0xd8 (size before relaxing)
 .ARM.exidx     0x000035ec       0x38 /home/denzo/Downloads/SimplicityStudio_v4/developer/toolchains/gnu_arm/4.9_2015q3/bin/../lib/gcc/arm-none-eabi/4.9.3/armv7e-m/libgcc.a(pr-support.o)
                                 0x48 (size before relaxing)
                0x00003624                __exidx_end = .
                0x00003624                __etext = .

.rel.dyn        0x00003624        0x0
 .rel.iplt      0x00000000        0x0 /home/denzo/Downloads/SimplicityStudio_v4/developer/toolchains/gnu_arm/4.9_2015q3/bin/../lib/gcc/arm-none-eabi/4.9.3/armv7e-m/crtbegin.o

.data           0x20000000       0x84 load address 0x00003624
                0x20000000                __data_start__ = .
 *(vtable)
 *(.data*)
 .data.auxHfrcoFreq
                0x20000000        0x4 ./emlib/em_cmu.o
 .data.SystemHFXOClock
                0x20000004        0x4 ./CMSIS/EFR32FG1P/system_efr32fg1p.o
 .data.SystemLFXOClock
                0x20000008        0x4 ./CMSIS/EFR32FG1P/system_efr32fg1p.o
 .data.SystemCoreClock
                0x2000000c        0x4 ./CMSIS/EFR32FG1P/system_efr32fg1p.o
                0x2000000c                SystemCoreClock
 .data.SystemHfrcoFreq
                0x20000010        0x4 ./CMSIS/EFR32FG1P/system_efr32fg1p.o
                0x20000010                SystemHfrcoFreq
 .data.impure_data
                0x20000014       0x60 /home/denzo/Downloads/SimplicityStudio_v4/developer/toolchains/gnu_arm/4.9_2015q3/bin/../lib/gcc/arm-none-eabi/4.9.3/../../../../arm-none-eabi/lib/armv7e-m/libc_nano.a(lib_a-impure.o)
 .data._impure_ptr
                0x20000074        0x4 /home/denzo/Downloads/SimplicityStudio_v4/developer/toolchains/gnu_arm/4.9_2015q3/bin/../lib/gcc/arm-none-eabi/4.9.3/../../../../arm-none-eabi/lib/armv7e-m/libc_nano.a(lib_a-impure.o)
                0x20000074                _impure_ptr
                0x20000078                . = ALIGN (0x4)
 *(.ram)
                0x20000078                . = ALIGN (0x4)
                0x20000078                PROVIDE (__preinit_array_start, .)
 *(.preinit_array)
                0x20000078                PROVIDE (__preinit_array_end, .)
                0x20000078                . = ALIGN (0x4)
                0x20000078                PROVIDE (__init_array_start, .)
 *(SORT(.init_array.*))
 *(.init_array)
 .init_array    0x20000078        0x4 /home/denzo/Downloads/SimplicityStudio_v4/developer/toolchains/gnu_arm/4.9_2015q3/bin/../lib/gcc/arm-none-eabi/4.9.3/armv7e-m/crtbegin.o
                0x2000007c                PROVIDE (__init_array_end, .)
                0x2000007c                . = ALIGN (0x4)
                0x2000007c                PROVIDE (__fini_array_start, .)
 *(SORT(.fini_array.*))
 *(.fini_array)
 .fini_array    0x2000007c        0x4 /home/denzo/Downloads/SimplicityStudio_v4/developer/toolchains/gnu_arm/4.9_2015q3/bin/../lib/gcc/arm-none-eabi/4.9.3/armv7e-m/crtbegin.o
                0x20000080                PROVIDE (__fini_array_end, .)
 *(.jcr*)
 .jcr           0x20000080        0x0 /home/denzo/Downloads/SimplicityStudio_v4/developer/toolchains/gnu_arm/4.9_2015q3/bin/../lib/gcc/arm-none-eabi/4.9.3/armv7e-m/crtbegin.o
 .jcr           0x20000080        0x4 /home/denzo/Downloads/SimplicityStudio_v4/developer/toolchains/gnu_arm/4.9_2015q3/bin/../lib/gcc/arm-none-eabi/4.9.3/armv7e-m/crtend.o
                0x20000084                . = ALIGN (0x4)
                0x20000084                __data_end__ = .

.igot.plt       0x20000084        0x0 load address 0x000036a8
 .igot.plt      0x00000000        0x0 /home/denzo/Downloads/SimplicityStudio_v4/developer/toolchains/gnu_arm/4.9_2015q3/bin/../lib/gcc/arm-none-eabi/4.9.3/armv7e-m/crtbegin.o

.bss            0x20000084       0x28 load address 0x000036a8
                0x20000084                . = ALIGN (0x4)
                0x20000084                __bss_start__ = .
 *(.bss*)
 .bss           0x20000084       0x1c /home/denzo/Downloads/SimplicityStudio_v4/developer/toolchains/gnu_arm/4.9_2015q3/bin/../lib/gcc/arm-none-eabi/4.9.3/armv7e-m/crtbegin.o
 .bss.errataFixDcdcHsState
                0x200000a0        0x1 ./emlib/em_emu.o
 *fill*         0x200000a1        0x1 
 .bss.dcdcMaxCurrent_mA
                0x200000a2        0x2 ./emlib/em_emu.o
 .bss.dcdcEm01LoadCurrent_mA
                0x200000a4        0x2 ./emlib/em_emu.o
 .bss.dcdcReverseCurrentControl
                0x200000a6        0x2 ./emlib/em_emu.o
 *(COMMON)
 COMMON         0x200000a8        0x4 /home/denzo/Downloads/SimplicityStudio_v4/developer/toolchains/gnu_arm/4.9_2015q3/bin/../lib/gcc/arm-none-eabi/4.9.3/../../../../arm-none-eabi/lib/armv7e-m/libc_nano.a(lib_a-reent.o)
                0x200000a8                errno
                0x200000ac                . = ALIGN (0x4)
                0x200000ac                __bss_end__ = .

.heap           0x200000b0      0xc00
                0x200000b0                __HeapBase = .
                0x200000b0                __end__ = .
                0x200000b0                end = __end__
                0x200000b0                _end = __end__
 *(.heap*)
 .heap          0x200000b0      0xc00 ./CMSIS/EFR32FG1P/startup_gcc_efr32fg1p.o
                0x20000cb0                __HeapLimit = .

.stack_dummy    0x200000b0      0x400
 *(.stack*)
 .stack         0x200000b0      0x400 ./CMSIS/EFR32FG1P/startup_gcc_efr32fg1p.o
                0x20008000                __StackTop = (ORIGIN (RAM) + 0x8000)
                0x20007c00                __StackLimit = (__StackTop - SIZEOF (.stack_dummy))
                0x20008000                PROVIDE (__stack, __StackTop)
                0x00000001                ASSERT ((__StackLimit >= __HeapLimit), region RAM overflowed with stack)
                0x00000001                ASSERT ((0x40000 >= (__etext + SIZEOF (.data))), FLASH memory overflowed !)
OUTPUT(devBoardBlinkCPP.axf elf32-littlearm)

.ARM.attributes
                0x00000000       0x2e
 .ARM.attributes
                0x00000000       0x1e /home/denzo/Downloads/SimplicityStudio_v4/developer/toolchains/gnu_arm/4.9_2015q3/bin/../lib/gcc/arm-none-eabi/4.9.3/armv7e-m/crti.o
 .ARM.attributes
                0x0000001e       0x2e /home/denzo/Downloads/SimplicityStudio_v4/developer/toolchains/gnu_arm/4.9_2015q3/bin/../lib/gcc/arm-none-eabi/4.9.3/armv7e-m/crtbegin.o
 .ARM.attributes
                0x0000004c       0x1c /home/denzo/Downloads/SimplicityStudio_v4/developer/toolchains/gnu_arm/4.9_2015q3/bin/../lib/gcc/arm-none-eabi/4.9.3/../../../../arm-none-eabi/lib/armv7e-m/crt0.o
 .ARM.attributes
                0x00000068       0x37 ./src/InitDevice.o
 .ARM.attributes
                0x0000009f       0x33 ./src/main.o
 .ARM.attributes
                0x000000d2       0x37 ./emlib/em_cmu.o
 .ARM.attributes
                0x00000109       0x37 ./emlib/em_emu.o
 .ARM.attributes
                0x00000140       0x37 ./emlib/em_gpio.o
 .ARM.attributes
                0x00000177       0x37 ./emlib/em_system.o
 .ARM.attributes
                0x000001ae       0x1b ./CMSIS/EFR32FG1P/startup_gcc_efr32fg1p.o
 .ARM.attributes
                0x000001c9       0x37 ./CMSIS/EFR32FG1P/system_efr32fg1p.o
 .ARM.attributes
                0x00000200       0x2e /home/denzo/Downloads/SimplicityStudio_v4/developer/toolchains/gnu_arm/4.9_2015q3/bin/../lib/gcc/arm-none-eabi/4.9.3/../../../../arm-none-eabi/lib/armv7e-m/libc_nano.a(lib_a-exit.o)
 .ARM.attributes
                0x0000022e       0x2e /home/denzo/Downloads/SimplicityStudio_v4/developer/toolchains/gnu_arm/4.9_2015q3/bin/../lib/gcc/arm-none-eabi/4.9.3/../../../../arm-none-eabi/lib/armv7e-m/libc_nano.a(lib_a-impure.o)
 .ARM.attributes
                0x0000025c       0x2e /home/denzo/Downloads/SimplicityStudio_v4/developer/toolchains/gnu_arm/4.9_2015q3/bin/../lib/gcc/arm-none-eabi/4.9.3/../../../../arm-none-eabi/lib/armv7e-m/libc_nano.a(lib_a-init.o)
 .ARM.attributes
                0x0000028a       0x2e /home/denzo/Downloads/SimplicityStudio_v4/developer/toolchains/gnu_arm/4.9_2015q3/bin/../lib/gcc/arm-none-eabi/4.9.3/../../../../arm-none-eabi/lib/armv7e-m/libc_nano.a(lib_a-memset.o)
 .ARM.attributes
                0x000002b8       0x2e /home/denzo/Downloads/SimplicityStudio_v4/developer/toolchains/gnu_arm/4.9_2015q3/bin/../lib/gcc/arm-none-eabi/4.9.3/../../../../arm-none-eabi/lib/armv7e-m/libnosys.a(_exit.o)
 .ARM.attributes
                0x000002e6       0x2e /home/denzo/Downloads/SimplicityStudio_v4/developer/toolchains/gnu_arm/4.9_2015q3/bin/../lib/gcc/arm-none-eabi/4.9.3/armv7e-m/crtend.o
 .ARM.attributes
                0x00000314       0x1e /home/denzo/Downloads/SimplicityStudio_v4/developer/toolchains/gnu_arm/4.9_2015q3/bin/../lib/gcc/arm-none-eabi/4.9.3/armv7e-m/crtn.o

.comment        0x00000000       0x70
 .comment       0x00000000       0x70 ./src/InitDevice.o
                                 0x71 (size before relaxing)
 .comment       0x00000000       0x71 ./src/main.o
 .comment       0x00000000       0x71 ./emlib/em_cmu.o
 .comment       0x00000000       0x71 ./emlib/em_emu.o
 .comment       0x00000000       0x71 ./emlib/em_gpio.o
 .comment       0x00000000       0x71 ./emlib/em_system.o
 .comment       0x00000000       0x71 ./CMSIS/EFR32FG1P/system_efr32fg1p.o

.debug_info     0x00000000     0x6e6d
 .debug_info    0x00000000     0x15ee ./src/InitDevice.o
 .debug_info    0x000015ee      0x5ad ./src/main.o
 .debug_info    0x00001b9b     0x1b9c ./emlib/em_cmu.o
 .debug_info    0x00003737     0x1f29 ./emlib/em_emu.o
 .debug_info    0x00005660      0xa05 ./emlib/em_gpio.o
 .debug_info    0x00006065      0x276 ./emlib/em_system.o
 .debug_info    0x000062db       0xa5 ./CMSIS/EFR32FG1P/startup_gcc_efr32fg1p.o
 .debug_info    0x00006380      0xaed ./CMSIS/EFR32FG1P/system_efr32fg1p.o

.debug_abbrev   0x00000000      0xe8f
 .debug_abbrev  0x00000000      0x1e6 ./src/InitDevice.o
 .debug_abbrev  0x000001e6      0x212 ./src/main.o
 .debug_abbrev  0x000003f8      0x2de ./emlib/em_cmu.o
 .debug_abbrev  0x000006d6      0x319 ./emlib/em_emu.o
 .debug_abbrev  0x000009ef      0x1da ./emlib/em_gpio.o
 .debug_abbrev  0x00000bc9      0x109 ./emlib/em_system.o
 .debug_abbrev  0x00000cd2       0x14 ./CMSIS/EFR32FG1P/startup_gcc_efr32fg1p.o
 .debug_abbrev  0x00000ce6      0x1a9 ./CMSIS/EFR32FG1P/system_efr32fg1p.o

.debug_loc      0x00000000     0x2fae
 .debug_loc     0x00000000      0x6f4 ./src/InitDevice.o
 .debug_loc     0x000006f4      0x314 ./src/main.o
 .debug_loc     0x00000a08     0x1000 ./emlib/em_cmu.o
 .debug_loc     0x00001a08      0xd56 ./emlib/em_emu.o
 .debug_loc     0x0000275e      0x4b4 ./emlib/em_gpio.o
 .debug_loc     0x00002c12       0xb8 ./emlib/em_system.o
 .debug_loc     0x00002cca      0x2e4 ./CMSIS/EFR32FG1P/system_efr32fg1p.o

.debug_aranges  0x00000000      0x5a8
 .debug_aranges
                0x00000000       0xe8 ./src/InitDevice.o
 .debug_aranges
                0x000000e8       0x68 ./src/main.o
 .debug_aranges
                0x00000150      0x1a8 ./emlib/em_cmu.o
 .debug_aranges
                0x000002f8      0x178 ./emlib/em_emu.o
 .debug_aranges
                0x00000470       0x88 ./emlib/em_gpio.o
 .debug_aranges
                0x000004f8       0x28 ./emlib/em_system.o
 .debug_aranges
                0x00000520       0x20 ./CMSIS/EFR32FG1P/startup_gcc_efr32fg1p.o
 .debug_aranges
                0x00000540       0x68 ./CMSIS/EFR32FG1P/system_efr32fg1p.o

.debug_ranges   0x00000000      0x518
 .debug_ranges  0x00000000       0xd8 ./src/InitDevice.o
 .debug_ranges  0x000000d8       0x58 ./src/main.o
 .debug_ranges  0x00000130      0x198 ./emlib/em_cmu.o
 .debug_ranges  0x000002c8      0x168 ./emlib/em_emu.o
 .debug_ranges  0x00000430       0x78 ./emlib/em_gpio.o
 .debug_ranges  0x000004a8       0x18 ./emlib/em_system.o
 .debug_ranges  0x000004c0       0x58 ./CMSIS/EFR32FG1P/system_efr32fg1p.o

.debug_line     0x00000000     0x2bd3
 .debug_line    0x00000000      0x587 ./src/InitDevice.o
 .debug_line    0x00000587      0x3a7 ./src/main.o
 .debug_line    0x0000092e      0xb47 ./emlib/em_cmu.o
 .debug_line    0x00001475      0xbdf ./emlib/em_emu.o
 .debug_line    0x00002054      0x4f7 ./emlib/em_gpio.o
 .debug_line    0x0000254b      0x2e9 ./emlib/em_system.o
 .debug_line    0x00002834       0x76 ./CMSIS/EFR32FG1P/startup_gcc_efr32fg1p.o
 .debug_line    0x000028aa      0x329 ./CMSIS/EFR32FG1P/system_efr32fg1p.o

.debug_str      0x00000000     0x2b94
 .debug_str     0x00000000     0x1381 ./src/InitDevice.o
                               0x14f2 (size before relaxing)
 .debug_str     0x00001381      0x1f4 ./src/main.o
                                0x43b (size before relaxing)
 .debug_str     0x00001575      0x8e5 ./emlib/em_cmu.o
                               0x13ec (size before relaxing)
 .debug_str     0x00001e5a      0x9bd ./emlib/em_emu.o
                               0x17b5 (size before relaxing)
 .debug_str     0x00002817      0x1b2 ./emlib/em_gpio.o
                                0x83d (size before relaxing)
 .debug_str     0x000029c9       0xbb ./emlib/em_system.o
                                0x30a (size before relaxing)
 .debug_str     0x00002a84      0x110 ./CMSIS/EFR32FG1P/system_efr32fg1p.o
                                0x764 (size before relaxing)

.debug_frame    0x00000000     0x16e4
 .debug_frame   0x00000000      0x364 ./src/InitDevice.o
 .debug_frame   0x00000364      0x17c ./src/main.o
 .debug_frame   0x000004e0      0x74c ./emlib/em_cmu.o
 .debug_frame   0x00000c2c      0x638 ./emlib/em_emu.o
 .debug_frame   0x00001264      0x228 ./emlib/em_gpio.o
 .debug_frame   0x0000148c       0x60 ./emlib/em_system.o
 .debug_frame   0x000014ec      0x164 ./CMSIS/EFR32FG1P/system_efr32fg1p.o
 .debug_frame   0x00001650       0x28 /home/denzo/Downloads/SimplicityStudio_v4/developer/toolchains/gnu_arm/4.9_2015q3/bin/../lib/gcc/arm-none-eabi/4.9.3/../../../../arm-none-eabi/lib/armv7e-m/libc_nano.a(lib_a-exit.o)
 .debug_frame   0x00001678       0x2c /home/denzo/Downloads/SimplicityStudio_v4/developer/toolchains/gnu_arm/4.9_2015q3/bin/../lib/gcc/arm-none-eabi/4.9.3/../../../../arm-none-eabi/lib/armv7e-m/libc_nano.a(lib_a-init.o)
 .debug_frame   0x000016a4       0x20 /home/denzo/Downloads/SimplicityStudio_v4/developer/toolchains/gnu_arm/4.9_2015q3/bin/../lib/gcc/arm-none-eabi/4.9.3/../../../../arm-none-eabi/lib/armv7e-m/libc_nano.a(lib_a-memset.o)
 .debug_frame   0x000016c4       0x20 /home/denzo/Downloads/SimplicityStudio_v4/developer/toolchains/gnu_arm/4.9_2015q3/bin/../lib/gcc/arm-none-eabi/4.9.3/../../../../arm-none-eabi/lib/armv7e-m/libnosys.a(_exit.o)

.stabstr        0x00000000       0x76
 .stabstr       0x00000000       0x76 /home/denzo/Downloads/SimplicityStudio_v4/developer/toolchains/gnu_arm/4.9_2015q3/bin/../lib/gcc/arm-none-eabi/4.9.3/../../../../arm-none-eabi/lib/armv7e-m/libnosys.a(getpid.o)
