Archive member included because of file (symbol)

/home/denzo/Downloads/SimplicityStudio_v4/developer/toolchains/gnu_arm/4.9_2015q3/bin/../lib/gcc/arm-none-eabi/4.9.3/../../../../arm-none-eabi/lib/armv7e-m/softfp/libc_nano.a(lib_a-exit.o)
                              /home/denzo/Downloads/SimplicityStudio_v4/developer/toolchains/gnu_arm/4.9_2015q3/bin/../lib/gcc/arm-none-eabi/4.9.3/../../../../arm-none-eabi/lib/armv7e-m/softfp/crt0.o (exit)
/home/denzo/Downloads/SimplicityStudio_v4/developer/toolchains/gnu_arm/4.9_2015q3/bin/../lib/gcc/arm-none-eabi/4.9.3/../../../../arm-none-eabi/lib/armv7e-m/softfp/libc_nano.a(lib_a-impure.o)
                              /home/denzo/Downloads/SimplicityStudio_v4/developer/toolchains/gnu_arm/4.9_2015q3/bin/../lib/gcc/arm-none-eabi/4.9.3/../../../../arm-none-eabi/lib/armv7e-m/softfp/libc_nano.a(lib_a-exit.o) (_global_impure_ptr)
/home/denzo/Downloads/SimplicityStudio_v4/developer/toolchains/gnu_arm/4.9_2015q3/bin/../lib/gcc/arm-none-eabi/4.9.3/../../../../arm-none-eabi/lib/armv7e-m/softfp/libc_nano.a(lib_a-init.o)
                              /home/denzo/Downloads/SimplicityStudio_v4/developer/toolchains/gnu_arm/4.9_2015q3/bin/../lib/gcc/arm-none-eabi/4.9.3/../../../../arm-none-eabi/lib/armv7e-m/softfp/crt0.o (__libc_init_array)
/home/denzo/Downloads/SimplicityStudio_v4/developer/toolchains/gnu_arm/4.9_2015q3/bin/../lib/gcc/arm-none-eabi/4.9.3/../../../../arm-none-eabi/lib/armv7e-m/softfp/libc_nano.a(lib_a-memset.o)
                              /home/denzo/Downloads/SimplicityStudio_v4/developer/toolchains/gnu_arm/4.9_2015q3/bin/../lib/gcc/arm-none-eabi/4.9.3/../../../../arm-none-eabi/lib/armv7e-m/softfp/crt0.o (memset)
/home/denzo/Downloads/SimplicityStudio_v4/developer/toolchains/gnu_arm/4.9_2015q3/bin/../lib/gcc/arm-none-eabi/4.9.3/../../../../arm-none-eabi/lib/armv7e-m/softfp/libnosys.a(_exit.o)
                              /home/denzo/Downloads/SimplicityStudio_v4/developer/toolchains/gnu_arm/4.9_2015q3/bin/../lib/gcc/arm-none-eabi/4.9.3/../../../../arm-none-eabi/lib/armv7e-m/softfp/libc_nano.a(lib_a-exit.o) (_exit)

Discarded input sections

 .text          0x00000000        0x0 /home/denzo/Downloads/SimplicityStudio_v4/developer/toolchains/gnu_arm/4.9_2015q3/bin/../lib/gcc/arm-none-eabi/4.9.3/armv7e-m/softfp/crti.o
 .data          0x00000000        0x0 /home/denzo/Downloads/SimplicityStudio_v4/developer/toolchains/gnu_arm/4.9_2015q3/bin/../lib/gcc/arm-none-eabi/4.9.3/armv7e-m/softfp/crti.o
 .bss           0x00000000        0x0 /home/denzo/Downloads/SimplicityStudio_v4/developer/toolchains/gnu_arm/4.9_2015q3/bin/../lib/gcc/arm-none-eabi/4.9.3/armv7e-m/softfp/crti.o
 .data          0x00000000        0x4 /home/denzo/Downloads/SimplicityStudio_v4/developer/toolchains/gnu_arm/4.9_2015q3/bin/../lib/gcc/arm-none-eabi/4.9.3/armv7e-m/softfp/crtbegin.o
 .data          0x00000000        0x0 /home/denzo/Downloads/SimplicityStudio_v4/developer/toolchains/gnu_arm/4.9_2015q3/bin/../lib/gcc/arm-none-eabi/4.9.3/../../../../arm-none-eabi/lib/armv7e-m/softfp/crt0.o
 .bss           0x00000000        0x0 /home/denzo/Downloads/SimplicityStudio_v4/developer/toolchains/gnu_arm/4.9_2015q3/bin/../lib/gcc/arm-none-eabi/4.9.3/../../../../arm-none-eabi/lib/armv7e-m/softfp/crt0.o
 .ARM.extab     0x00000000        0x0 /home/denzo/Downloads/SimplicityStudio_v4/developer/toolchains/gnu_arm/4.9_2015q3/bin/../lib/gcc/arm-none-eabi/4.9.3/../../../../arm-none-eabi/lib/armv7e-m/softfp/crt0.o
 .data          0x00000000        0x0 ./CMSIS/EFR32FG1P/startup_gcc_efr32fg1p.o
 .bss           0x00000000        0x0 ./CMSIS/EFR32FG1P/startup_gcc_efr32fg1p.o
 .text          0x00000000        0x0 ./CMSIS/EFR32FG1P/system_efr32fg1p.o
 .data          0x00000000        0x0 ./CMSIS/EFR32FG1P/system_efr32fg1p.o
 .bss           0x00000000        0x0 ./CMSIS/EFR32FG1P/system_efr32fg1p.o
 .text.SystemHFXOClockSet
                0x00000000       0x30 ./CMSIS/EFR32FG1P/system_efr32fg1p.o
 .text.SystemLFXOClockSet
                0x00000000       0x30 ./CMSIS/EFR32FG1P/system_efr32fg1p.o
 .text          0x00000000        0x0 ./emlib/em_assert.o
 .data          0x00000000        0x0 ./emlib/em_assert.o
 .bss           0x00000000        0x0 ./emlib/em_assert.o
 .debug_line    0x00000000        0x0 ./emlib/em_assert.o
 .debug_str     0x00000000      0x161 ./emlib/em_assert.o
 .comment       0x00000000       0x71 ./emlib/em_assert.o
 .ARM.attributes
                0x00000000       0x37 ./emlib/em_assert.o
 .text          0x00000000        0x0 ./emlib/em_cmu.o
 .data          0x00000000        0x0 ./emlib/em_cmu.o
 .bss           0x00000000        0x0 ./emlib/em_cmu.o
 .text.BUS_RegMaskedSet
                0x00000000       0x24 ./emlib/em_cmu.o
 .text.BUS_RegMaskedClear
                0x00000000       0x24 ./emlib/em_cmu.o
 .text.BUS_RegMaskedWrite
                0x00000000       0x24 ./emlib/em_cmu.o
 .text.CMU_PrescToLog2
                0x00000000       0x28 ./emlib/em_cmu.o
 .text.CMU_AUXHFRCODevinfoGet
                0x00000000       0xdc ./emlib/em_cmu.o
 .text.CMU_AUXHFRCOBandGet
                0x00000000       0x18 ./emlib/em_cmu.o
 .text.CMU_AUXHFRCOBandSet
                0x00000000       0x98 ./emlib/em_cmu.o
 .text.CMU_Calibrate
                0x00000000       0x88 ./emlib/em_cmu.o
 .text.CMU_CalibrateConfig
                0x00000000       0xd8 ./emlib/em_cmu.o
 .text.CMU_CalibrateCountGet
                0x00000000       0x38 ./emlib/em_cmu.o
 .text.CMU_ClockDivGet
                0x00000000       0x1c ./emlib/em_cmu.o
 .text.CMU_ClockDivSet
                0x00000000       0x1c ./emlib/em_cmu.o
 .text.CMU_ClockPrescGet
                0x00000000      0x12c ./emlib/em_cmu.o
 .text.CMU_ClockPrescSet
                0x00000000      0x1e8 ./emlib/em_cmu.o
 .text.CMU_FreezeEnable
                0x00000000       0x3c ./emlib/em_cmu.o
 .text.CMU_HFRCODevinfoGet
                0x00000000       0xdc ./emlib/em_cmu.o
 .text.CMU_HFRCOBandGet
                0x00000000       0x18 ./emlib/em_cmu.o
 .text.CMU_HFRCOBandSet
                0x00000000       0xec ./emlib/em_cmu.o
 .text.CMU_HFXOAutostartEnable
                0x00000000       0x7c ./emlib/em_cmu.o
 .text.CMU_LCDClkFDIVGet
                0x00000000       0x10 ./emlib/em_cmu.o
 .text.CMU_LCDClkFDIVSet
                0x00000000       0x14 ./emlib/em_cmu.o
 .text.CMU_LFXOInit
                0x00000000       0x50 ./emlib/em_cmu.o
 .text.CMU_PCNTClockExternalGet
                0x00000000       0x40 ./emlib/em_cmu.o
 .text.CMU_PCNTClockExternalSet
                0x00000000       0x34 ./emlib/em_cmu.o
 .text          0x00000000        0x0 ./emlib/em_emu.o
 .data          0x00000000        0x0 ./emlib/em_emu.o
 .bss           0x00000000        0x0 ./emlib/em_emu.o
 .text.SystemCoreClockUpdate
                0x00000000        0xc ./emlib/em_emu.o
 .text.EMU_IntClear
                0x00000000       0x1c ./emlib/em_emu.o
 .text.EMU_IntGet
                0x00000000       0x18 ./emlib/em_emu.o
 .text.EMU_Unlock
                0x00000000       0x18 ./emlib/em_emu.o
 .text.CMU_Lock
                0x00000000       0x18 ./emlib/em_emu.o
 .text.CMU_Unlock
                0x00000000       0x1c ./emlib/em_emu.o
 .text.emState  0x00000000       0xd4 ./emlib/em_emu.o
 .text.dcdcFetCntSet
                0x00000000       0x50 ./emlib/em_emu.o
 .text.dcdcHsFixLnBlock
                0x00000000       0x48 ./emlib/em_emu.o
 .text.EMU_EnterEM2
                0x00000000       0x50 ./emlib/em_emu.o
 .text.EMU_EnterEM3
                0x00000000       0x78 ./emlib/em_emu.o
 .text.EMU_Save
                0x00000000        0xc ./emlib/em_emu.o
 .text.EMU_Restore
                0x00000000        0xc ./emlib/em_emu.o
 .text.EMU_EnterEM4
                0x00000000       0xbc ./emlib/em_emu.o
 .text.EMU_EnterEM4H
                0x00000000       0x18 ./emlib/em_emu.o
 .text.EMU_EnterEM4S
                0x00000000       0x18 ./emlib/em_emu.o
 .text.EMU_MemPwrDown
                0x00000000       0x20 ./emlib/em_emu.o
 .text.EMU_RamPowerDown
                0x00000000       0xa0 ./emlib/em_emu.o
 .text.EMU_UpdateOscConfig
                0x00000000        0xc ./emlib/em_emu.o
 .text.EMU_DCDCConductionModeSet
                0x00000000       0xac ./emlib/em_emu.o
 .text.EMU_DCDCPowerOff
                0x00000000       0x40 ./emlib/em_emu.o
 .text.vmonCalibratedThreshold
                0x00000000      0x198 ./emlib/em_emu.o
 .text.EMU_VmonInit
                0x00000000      0x1b8 ./emlib/em_emu.o
 .text.EMU_VmonHystInit
                0x00000000      0x100 ./emlib/em_emu.o
 .text.EMU_VmonEnable
                0x00000000       0x7c ./emlib/em_emu.o
 .text.EMU_VmonChannelStatusGet
                0x00000000       0x64 ./emlib/em_emu.o
 .text.EMU_SetBiasMode
                0x00000000       0xa4 ./emlib/em_emu.o
 .bss.cmuStatus.5878
                0x00000000        0x4 ./emlib/em_emu.o
 .bss.hfClock.5879
                0x00000000        0x1 ./emlib/em_emu.o
 .bss.emuDcdcMiscCtrlReg.5886
                0x00000000        0x4 ./emlib/em_emu.o
 .text          0x00000000        0x0 ./emlib/em_gpio.o
 .data          0x00000000        0x0 ./emlib/em_gpio.o
 .bss           0x00000000        0x0 ./emlib/em_gpio.o
 .text.BUS_RegBitWrite
                0x00000000       0x2c ./emlib/em_gpio.o
 .text.BUS_RegMaskedWrite
                0x00000000       0x24 ./emlib/em_gpio.o
 .text.GPIO_EM4SetPinRetention
                0x00000000       0x3c ./emlib/em_gpio.o
 .text.GPIO_IntClear
                0x00000000       0x20 ./emlib/em_gpio.o
 .text.GPIO_DbgLocationSet
                0x00000000       0x14 ./emlib/em_gpio.o
 .text.GPIO_DriveStrengthSet
                0x00000000       0x60 ./emlib/em_gpio.o
 .text.GPIO_ExtIntConfig
                0x00000000      0x124 ./emlib/em_gpio.o
 .text.GPIO_PinModeGet
                0x00000000       0x8c ./emlib/em_gpio.o
 .text.GPIO_EM4EnablePinWakeup
                0x00000000       0x58 ./emlib/em_gpio.o
 .text          0x00000000        0x0 ./emlib/em_system.o
 .data          0x00000000        0x0 ./emlib/em_system.o
 .bss           0x00000000        0x0 ./emlib/em_system.o
 .text.SYSTEM_GetCalibrationValue
                0x00000000       0x5c ./emlib/em_system.o
 .text          0x00000000        0x0 ./src/InitDevice.o
 .data          0x00000000        0x0 ./src/InitDevice.o
 .bss           0x00000000        0x0 ./src/InitDevice.o
 .text.LFXO_enter_DefaultMode_from_RESET
                0x00000000        0xc ./src/InitDevice.o
 .text.ADC0_enter_DefaultMode_from_RESET
                0x00000000        0xc ./src/InitDevice.o
 .text.ACMP0_enter_DefaultMode_from_RESET
                0x00000000        0xc ./src/InitDevice.o
 .text.ACMP1_enter_DefaultMode_from_RESET
                0x00000000        0xc ./src/InitDevice.o
 .text.IDAC0_enter_DefaultMode_from_RESET
                0x00000000        0xc ./src/InitDevice.o
 .text.RTCC_enter_DefaultMode_from_RESET
                0x00000000        0xc ./src/InitDevice.o
 .text.USART0_enter_DefaultMode_from_RESET
                0x00000000        0xc ./src/InitDevice.o
 .text.USART1_enter_DefaultMode_from_RESET
                0x00000000        0xc ./src/InitDevice.o
 .text.LEUART0_enter_DefaultMode_from_RESET
                0x00000000        0xc ./src/InitDevice.o
 .text.WDOG0_enter_DefaultMode_from_RESET
                0x00000000        0xc ./src/InitDevice.o
 .text.I2C0_enter_DefaultMode_from_RESET
                0x00000000        0xc ./src/InitDevice.o
 .text.GPCRC_enter_DefaultMode_from_RESET
                0x00000000        0xc ./src/InitDevice.o
 .text.LDMA_enter_DefaultMode_from_RESET
                0x00000000        0xc ./src/InitDevice.o
 .text.TIMER0_enter_DefaultMode_from_RESET
                0x00000000        0xc ./src/InitDevice.o
 .text.TIMER1_enter_DefaultMode_from_RESET
                0x00000000        0xc ./src/InitDevice.o
 .text.LETIMER0_enter_DefaultMode_from_RESET
                0x00000000        0xc ./src/InitDevice.o
 .text.CRYOTIMER_enter_DefaultMode_from_RESET
                0x00000000        0xc ./src/InitDevice.o
 .text.PCNT0_enter_DefaultMode_from_RESET
                0x00000000        0xc ./src/InitDevice.o
 .text.PRS_enter_DefaultMode_from_RESET
                0x00000000        0xc ./src/InitDevice.o
 .text          0x00000000        0x0 ./src/main.o
 .data          0x00000000        0x0 ./src/main.o
 .bss           0x00000000        0x0 ./src/main.o
 .text          0x00000000        0x0 /home/denzo/Downloads/SimplicityStudio_v4/developer/toolchains/gnu_arm/4.9_2015q3/bin/../lib/gcc/arm-none-eabi/4.9.3/../../../../arm-none-eabi/lib/armv7e-m/softfp/libc_nano.a(lib_a-exit.o)
 .data          0x00000000        0x0 /home/denzo/Downloads/SimplicityStudio_v4/developer/toolchains/gnu_arm/4.9_2015q3/bin/../lib/gcc/arm-none-eabi/4.9.3/../../../../arm-none-eabi/lib/armv7e-m/softfp/libc_nano.a(lib_a-exit.o)
 .bss           0x00000000        0x0 /home/denzo/Downloads/SimplicityStudio_v4/developer/toolchains/gnu_arm/4.9_2015q3/bin/../lib/gcc/arm-none-eabi/4.9.3/../../../../arm-none-eabi/lib/armv7e-m/softfp/libc_nano.a(lib_a-exit.o)
 .text          0x00000000        0x0 /home/denzo/Downloads/SimplicityStudio_v4/developer/toolchains/gnu_arm/4.9_2015q3/bin/../lib/gcc/arm-none-eabi/4.9.3/../../../../arm-none-eabi/lib/armv7e-m/softfp/libc_nano.a(lib_a-impure.o)
 .data          0x00000000        0x0 /home/denzo/Downloads/SimplicityStudio_v4/developer/toolchains/gnu_arm/4.9_2015q3/bin/../lib/gcc/arm-none-eabi/4.9.3/../../../../arm-none-eabi/lib/armv7e-m/softfp/libc_nano.a(lib_a-impure.o)
 .bss           0x00000000        0x0 /home/denzo/Downloads/SimplicityStudio_v4/developer/toolchains/gnu_arm/4.9_2015q3/bin/../lib/gcc/arm-none-eabi/4.9.3/../../../../arm-none-eabi/lib/armv7e-m/softfp/libc_nano.a(lib_a-impure.o)
 .data._impure_ptr
                0x00000000        0x4 /home/denzo/Downloads/SimplicityStudio_v4/developer/toolchains/gnu_arm/4.9_2015q3/bin/../lib/gcc/arm-none-eabi/4.9.3/../../../../arm-none-eabi/lib/armv7e-m/softfp/libc_nano.a(lib_a-impure.o)
 .text          0x00000000        0x0 /home/denzo/Downloads/SimplicityStudio_v4/developer/toolchains/gnu_arm/4.9_2015q3/bin/../lib/gcc/arm-none-eabi/4.9.3/../../../../arm-none-eabi/lib/armv7e-m/softfp/libc_nano.a(lib_a-init.o)
 .data          0x00000000        0x0 /home/denzo/Downloads/SimplicityStudio_v4/developer/toolchains/gnu_arm/4.9_2015q3/bin/../lib/gcc/arm-none-eabi/4.9.3/../../../../arm-none-eabi/lib/armv7e-m/softfp/libc_nano.a(lib_a-init.o)
 .bss           0x00000000        0x0 /home/denzo/Downloads/SimplicityStudio_v4/developer/toolchains/gnu_arm/4.9_2015q3/bin/../lib/gcc/arm-none-eabi/4.9.3/../../../../arm-none-eabi/lib/armv7e-m/softfp/libc_nano.a(lib_a-init.o)
 .text          0x00000000        0x0 /home/denzo/Downloads/SimplicityStudio_v4/developer/toolchains/gnu_arm/4.9_2015q3/bin/../lib/gcc/arm-none-eabi/4.9.3/../../../../arm-none-eabi/lib/armv7e-m/softfp/libc_nano.a(lib_a-memset.o)
 .data          0x00000000        0x0 /home/denzo/Downloads/SimplicityStudio_v4/developer/toolchains/gnu_arm/4.9_2015q3/bin/../lib/gcc/arm-none-eabi/4.9.3/../../../../arm-none-eabi/lib/armv7e-m/softfp/libc_nano.a(lib_a-memset.o)
 .bss           0x00000000        0x0 /home/denzo/Downloads/SimplicityStudio_v4/developer/toolchains/gnu_arm/4.9_2015q3/bin/../lib/gcc/arm-none-eabi/4.9.3/../../../../arm-none-eabi/lib/armv7e-m/softfp/libc_nano.a(lib_a-memset.o)
 .text          0x00000000        0x0 /home/denzo/Downloads/SimplicityStudio_v4/developer/toolchains/gnu_arm/4.9_2015q3/bin/../lib/gcc/arm-none-eabi/4.9.3/../../../../arm-none-eabi/lib/armv7e-m/softfp/libnosys.a(_exit.o)
 .data          0x00000000        0x0 /home/denzo/Downloads/SimplicityStudio_v4/developer/toolchains/gnu_arm/4.9_2015q3/bin/../lib/gcc/arm-none-eabi/4.9.3/../../../../arm-none-eabi/lib/armv7e-m/softfp/libnosys.a(_exit.o)
 .bss           0x00000000        0x0 /home/denzo/Downloads/SimplicityStudio_v4/developer/toolchains/gnu_arm/4.9_2015q3/bin/../lib/gcc/arm-none-eabi/4.9.3/../../../../arm-none-eabi/lib/armv7e-m/softfp/libnosys.a(_exit.o)
 .text          0x00000000        0x0 /home/denzo/Downloads/SimplicityStudio_v4/developer/toolchains/gnu_arm/4.9_2015q3/bin/../lib/gcc/arm-none-eabi/4.9.3/armv7e-m/softfp/crtend.o
 .data          0x00000000        0x0 /home/denzo/Downloads/SimplicityStudio_v4/developer/toolchains/gnu_arm/4.9_2015q3/bin/../lib/gcc/arm-none-eabi/4.9.3/armv7e-m/softfp/crtend.o
 .bss           0x00000000        0x0 /home/denzo/Downloads/SimplicityStudio_v4/developer/toolchains/gnu_arm/4.9_2015q3/bin/../lib/gcc/arm-none-eabi/4.9.3/armv7e-m/softfp/crtend.o
 .text          0x00000000        0x0 /home/denzo/Downloads/SimplicityStudio_v4/developer/toolchains/gnu_arm/4.9_2015q3/bin/../lib/gcc/arm-none-eabi/4.9.3/armv7e-m/softfp/crtn.o
 .data          0x00000000        0x0 /home/denzo/Downloads/SimplicityStudio_v4/developer/toolchains/gnu_arm/4.9_2015q3/bin/../lib/gcc/arm-none-eabi/4.9.3/armv7e-m/softfp/crtn.o
 .bss           0x00000000        0x0 /home/denzo/Downloads/SimplicityStudio_v4/developer/toolchains/gnu_arm/4.9_2015q3/bin/../lib/gcc/arm-none-eabi/4.9.3/armv7e-m/softfp/crtn.o

Memory Configuration

Name             Origin             Length             Attributes
FLASH            0x00000000         0x00040000         xr
RAM              0x20000000         0x00008000         xrw
*default*        0x00000000         0xffffffff

Linker script and memory map

LOAD /home/denzo/Downloads/SimplicityStudio_v4/developer/toolchains/gnu_arm/4.9_2015q3/bin/../lib/gcc/arm-none-eabi/4.9.3/armv7e-m/softfp/crti.o
LOAD /home/denzo/Downloads/SimplicityStudio_v4/developer/toolchains/gnu_arm/4.9_2015q3/bin/../lib/gcc/arm-none-eabi/4.9.3/armv7e-m/softfp/crtbegin.o
LOAD /home/denzo/Downloads/SimplicityStudio_v4/developer/toolchains/gnu_arm/4.9_2015q3/bin/../lib/gcc/arm-none-eabi/4.9.3/../../../../arm-none-eabi/lib/armv7e-m/softfp/crt0.o
LOAD ./CMSIS/EFR32FG1P/startup_gcc_efr32fg1p.o
LOAD ./CMSIS/EFR32FG1P/system_efr32fg1p.o
LOAD ./emlib/em_assert.o
LOAD ./emlib/em_cmu.o
LOAD ./emlib/em_emu.o
LOAD ./emlib/em_gpio.o
LOAD ./emlib/em_system.o
LOAD ./src/InitDevice.o
LOAD ./src/main.o
START GROUP
LOAD /home/denzo/Downloads/SimplicityStudio_v4/developer/toolchains/gnu_arm/4.9_2015q3/bin/../lib/gcc/arm-none-eabi/4.9.3/armv7e-m/softfp/libgcc.a
LOAD /home/denzo/Downloads/SimplicityStudio_v4/developer/toolchains/gnu_arm/4.9_2015q3/bin/../lib/gcc/arm-none-eabi/4.9.3/../../../../arm-none-eabi/lib/armv7e-m/softfp/libc_nano.a
LOAD /home/denzo/Downloads/SimplicityStudio_v4/developer/toolchains/gnu_arm/4.9_2015q3/bin/../lib/gcc/arm-none-eabi/4.9.3/../../../../arm-none-eabi/lib/armv7e-m/softfp/libnosys.a
END GROUP
START GROUP
LOAD /home/denzo/Downloads/SimplicityStudio_v4/developer/toolchains/gnu_arm/4.9_2015q3/bin/../lib/gcc/arm-none-eabi/4.9.3/armv7e-m/softfp/libgcc.a
LOAD /home/denzo/Downloads/SimplicityStudio_v4/developer/toolchains/gnu_arm/4.9_2015q3/bin/../lib/gcc/arm-none-eabi/4.9.3/../../../../arm-none-eabi/lib/armv7e-m/softfp/libg_nano.a
LOAD /home/denzo/Downloads/SimplicityStudio_v4/developer/toolchains/gnu_arm/4.9_2015q3/bin/../lib/gcc/arm-none-eabi/4.9.3/../../../../arm-none-eabi/lib/armv7e-m/softfp/libc_nano.a
END GROUP
START GROUP
LOAD /home/denzo/Downloads/SimplicityStudio_v4/developer/toolchains/gnu_arm/4.9_2015q3/bin/../lib/gcc/arm-none-eabi/4.9.3/armv7e-m/softfp/libgcc.a
LOAD /home/denzo/Downloads/SimplicityStudio_v4/developer/toolchains/gnu_arm/4.9_2015q3/bin/../lib/gcc/arm-none-eabi/4.9.3/../../../../arm-none-eabi/lib/armv7e-m/softfp/libc_nano.a
END GROUP
LOAD /home/denzo/Downloads/SimplicityStudio_v4/developer/toolchains/gnu_arm/4.9_2015q3/bin/../lib/gcc/arm-none-eabi/4.9.3/armv7e-m/softfp/crtend.o
LOAD /home/denzo/Downloads/SimplicityStudio_v4/developer/toolchains/gnu_arm/4.9_2015q3/bin/../lib/gcc/arm-none-eabi/4.9.3/armv7e-m/softfp/crtn.o

.text           0x00000000     0x2398
 *(.vectors)
 .vectors       0x00000000       0xc8 ./CMSIS/EFR32FG1P/startup_gcc_efr32fg1p.o
                0x00000000                __Vectors
                0x000000c8                __Vectors_End = .
                0x000000c8                __Vectors_Size = (__Vectors_End - __Vectors)
                0x000000c8                __end__ = .
 *(.text*)
 .text          0x000000c8       0x5c /home/denzo/Downloads/SimplicityStudio_v4/developer/toolchains/gnu_arm/4.9_2015q3/bin/../lib/gcc/arm-none-eabi/4.9.3/armv7e-m/softfp/crtbegin.o
 .text          0x00000124       0x74 /home/denzo/Downloads/SimplicityStudio_v4/developer/toolchains/gnu_arm/4.9_2015q3/bin/../lib/gcc/arm-none-eabi/4.9.3/../../../../arm-none-eabi/lib/armv7e-m/softfp/crt0.o
                0x00000124                _mainCRTStartup
                0x00000124                _start
 .text          0x00000198       0x30 ./CMSIS/EFR32FG1P/startup_gcc_efr32fg1p.o
                0x00000198                Reset_Handler
                0x000001c4                DebugMon_Handler
                0x000001c4                USART0_TX_IRQHandler
                0x000001c4                I2C0_IRQHandler
                0x000001c4                HardFault_Handler
                0x000001c4                SysTick_Handler
                0x000001c4                USART1_RX_IRQHandler
                0x000001c4                PendSV_Handler
                0x000001c4                NMI_Handler
                0x000001c4                SYNTH_IRQHandler
                0x000001c4                WDOG0_IRQHandler
                0x000001c4                USART1_TX_IRQHandler
                0x000001c4                MSC_IRQHandler
                0x000001c4                ADC0_IRQHandler
                0x000001c4                UsageFault_Handler
                0x000001c4                LEUART0_IRQHandler
                0x000001c4                FPUEH_IRQHandler
                0x000001c4                GPIO_EVEN_IRQHandler
                0x000001c4                LDMA_IRQHandler
                0x000001c4                TIMER0_IRQHandler
                0x000001c4                LETIMER0_IRQHandler
                0x000001c4                TIMER1_IRQHandler
                0x000001c4                RFSENSE_IRQHandler
                0x000001c4                BUFC_IRQHandler
                0x000001c4                MODEM_IRQHandler
                0x000001c4                Default_Handler
                0x000001c4                RAC_SEQ_IRQHandler
                0x000001c4                FRC_PRI_IRQHandler
                0x000001c4                EMU_IRQHandler
                0x000001c4                FRC_IRQHandler
                0x000001c4                CRYOTIMER_IRQHandler
                0x000001c4                PCNT0_IRQHandler
                0x000001c4                AGC_IRQHandler
                0x000001c4                ACMP0_IRQHandler
                0x000001c4                USART0_RX_IRQHandler
                0x000001c4                MemManage_Handler
                0x000001c4                SVC_Handler
                0x000001c4                RTCC_IRQHandler
                0x000001c4                CRYPTO_IRQHandler
                0x000001c4                CMU_IRQHandler
                0x000001c4                RAC_RSM_IRQHandler
                0x000001c4                GPIO_ODD_IRQHandler
                0x000001c4                PROTIMER_IRQHandler
                0x000001c4                BusFault_Handler
                0x000001c4                IDAC0_IRQHandler
 .text.SystemCoreClockGet
                0x000001c8       0x44 ./CMSIS/EFR32FG1P/system_efr32fg1p.o
                0x000001c8                SystemCoreClockGet
 .text.SystemMaxCoreClockGet
                0x0000020c       0x14 ./CMSIS/EFR32FG1P/system_efr32fg1p.o
                0x0000020c                SystemMaxCoreClockGet
 .text.SystemHFClockGet
                0x00000220       0x70 ./CMSIS/EFR32FG1P/system_efr32fg1p.o
                0x00000220                SystemHFClockGet
 .text.SystemHFXOClockGet
                0x00000290       0x18 ./CMSIS/EFR32FG1P/system_efr32fg1p.o
                0x00000290                SystemHFXOClockGet
 .text.SystemInit
                0x000002a8       0x5c ./CMSIS/EFR32FG1P/system_efr32fg1p.o
                0x000002a8                SystemInit
 .text.SystemLFRCOClockGet
                0x00000304       0x14 ./CMSIS/EFR32FG1P/system_efr32fg1p.o
                0x00000304                SystemLFRCOClockGet
 .text.SystemULFRCOClockGet
                0x00000318       0x14 ./CMSIS/EFR32FG1P/system_efr32fg1p.o
                0x00000318                SystemULFRCOClockGet
 .text.SystemLFXOClockGet
                0x0000032c       0x18 ./CMSIS/EFR32FG1P/system_efr32fg1p.o
                0x0000032c                SystemLFXOClockGet
 .text.BUS_RegBitWrite
                0x00000344       0x2c ./emlib/em_cmu.o
 .text.BUS_RegBitRead
                0x00000370       0x2c ./emlib/em_cmu.o
 .text.CMU_Log2ToDiv
                0x0000039c       0x1c ./emlib/em_cmu.o
 .text.setHfLeConfig
                0x000003b8       0x64 ./emlib/em_cmu.o
 .text.auxClkGet
                0x0000041c       0x20 ./emlib/em_cmu.o
 .text.hfSrcClkGet
                0x0000043c       0x2c ./emlib/em_cmu.o
 .text.dbgClkGet
                0x00000468       0x40 ./emlib/em_cmu.o
 .text.adcAsyncClkGet
                0x000004a8       0x80 ./emlib/em_cmu.o
 .text.flashWaitStateControl
                0x00000528       0x7c ./emlib/em_cmu.o
 .text.flashWaitStateMax
                0x000005a4       0x14 ./emlib/em_cmu.o
 .text.CMU_UpdateWaitStates
                0x000005b8       0x18 ./emlib/em_cmu.o
                0x000005b8                CMU_UpdateWaitStates
 .text.getRegIshUpperVal
                0x000005d0       0x38 ./emlib/em_cmu.o
 .text.getHfxoTuningMode
                0x00000608       0x1c ./emlib/em_cmu.o
 .text.setHfxoTuningMode
                0x00000624       0x28 ./emlib/em_cmu.o
 .text.lfClkGet
                0x0000064c       0xec ./emlib/em_cmu.o
 .text.syncReg  0x00000738       0x38 ./emlib/em_cmu.o
 .text.CMU_ClockEnable
                0x00000770       0xcc ./emlib/em_cmu.o
                0x00000770                CMU_ClockEnable
 .text.CMU_ClockFreqGet
                0x0000083c      0x198 ./emlib/em_cmu.o
                0x0000083c                CMU_ClockFreqGet
 .text.CMU_ClockSelectGet
                0x000009d4      0x190 ./emlib/em_cmu.o
                0x000009d4                CMU_ClockSelectGet
 .text.CMU_ClockSelectSet
                0x00000b64      0x260 ./emlib/em_cmu.o
                0x00000b64                CMU_ClockSelectSet
 .text.CMU_HFXOInit
                0x00000dc4       0xf4 ./emlib/em_cmu.o
                0x00000dc4                CMU_HFXOInit
 .text.CMU_OscillatorEnable
                0x00000eb8      0x174 ./emlib/em_cmu.o
                0x00000eb8                CMU_OscillatorEnable
 .text.CMU_OscillatorTuningGet
                0x0000102c       0x74 ./emlib/em_cmu.o
                0x0000102c                CMU_OscillatorTuningGet
 .text.CMU_OscillatorTuningSet
                0x000010a0      0x100 ./emlib/em_cmu.o
                0x000010a0                CMU_OscillatorTuningSet
 .text.CMU_OscillatorTuningWait
                0x000011a0       0x94 ./emlib/em_cmu.o
                0x000011a0                CMU_OscillatorTuningWait
 .text.CMU_OscillatorTuningOptimize
                0x00001234       0x54 ./emlib/em_cmu.o
                0x00001234                CMU_OscillatorTuningOptimize
 .text.BUS_RegBitWrite
                0x00001288       0x2c ./emlib/em_emu.o
 .text.BUS_RegBitRead
                0x000012b4       0x2c ./emlib/em_emu.o
 .text.SYSTEM_GetDevinfoRev
                0x000012e0       0x18 ./emlib/em_emu.o
 .text.EMU_EM23Init
                0x000012f8       0x14 ./emlib/em_emu.o
                0x000012f8                EMU_EM23Init
 .text.EMU_EM4Init
                0x0000130c       0x74 ./emlib/em_emu.o
                0x0000130c                EMU_EM4Init
 .text.dcdcConstCalibrationLoad
                0x00001380       0xc4 ./emlib/em_emu.o
 .text.dcdcValidatedConfigSet
                0x00001444       0xb0 ./emlib/em_emu.o
 .text.currentLimitersUpdate
                0x000014f4       0xec ./emlib/em_emu.o
 .text.userCurrentLimitsSet
                0x000015e0       0x2c ./emlib/em_emu.o
 .text.compCtrlSet
                0x0000160c       0x3c ./emlib/em_emu.o
 .text.lpCmpHystCalibrationLoad
                0x00001648       0xd0 ./emlib/em_emu.o
 .text.lpGetDevinfoVrefLowHigh
                0x00001718      0x15c ./emlib/em_emu.o
 .text.EMU_DCDCModeSet
                0x00001874       0xb8 ./emlib/em_emu.o
                0x00001874                EMU_DCDCModeSet
 .text.EMU_DCDCInit
                0x0000192c      0x114 ./emlib/em_emu.o
                0x0000192c                EMU_DCDCInit
 .text.EMU_DCDCOutputVoltageSet
                0x00001a40      0x20c ./emlib/em_emu.o
                0x00001a40                EMU_DCDCOutputVoltageSet
 .text.EMU_DCDCOptimizeSlice
                0x00001c4c       0xd8 ./emlib/em_emu.o
                0x00001c4c                EMU_DCDCOptimizeSlice
 .text.EMU_DCDCLnRcoBandSet
                0x00001d24       0x54 ./emlib/em_emu.o
                0x00001d24                EMU_DCDCLnRcoBandSet
 .text.BUS_RegMaskedSet
                0x00001d78       0x24 ./emlib/em_gpio.o
 .text.BUS_RegMaskedClear
                0x00001d9c       0x24 ./emlib/em_gpio.o
 .text.GPIO_PinOutClear
                0x00001dc0       0x58 ./emlib/em_gpio.o
 .text.GPIO_PinOutSet
                0x00001e18       0x58 ./emlib/em_gpio.o
 .text.GPIO_PinModeSet
                0x00001e70      0x10c ./emlib/em_gpio.o
                0x00001e70                GPIO_PinModeSet
 .text.SYSTEM_ChipRevisionGet
                0x00001f7c       0x74 ./emlib/em_system.o
                0x00001f7c                SYSTEM_ChipRevisionGet
 .text.SYSTEM_GetProdRev
                0x00001ff0       0x1c ./src/InitDevice.o
 .text.BUS_RegBitWrite
                0x0000200c       0x2c ./src/InitDevice.o
 .text.CHIP_Init
                0x00002038       0xb4 ./src/InitDevice.o
 .text.enter_DefaultMode_from_RESET
                0x000020ec       0x18 ./src/InitDevice.o
                0x000020ec                enter_DefaultMode_from_RESET
 .text.EMU_enter_DefaultMode_from_RESET
                0x00002104       0x90 ./src/InitDevice.o
                0x00002104                EMU_enter_DefaultMode_from_RESET
 .text.CMU_enter_DefaultMode_from_RESET
                0x00002194       0x7c ./src/InitDevice.o
                0x00002194                CMU_enter_DefaultMode_from_RESET
 .text.PORTIO_enter_DefaultMode_from_RESET
                0x00002210       0x38 ./src/InitDevice.o
                0x00002210                PORTIO_enter_DefaultMode_from_RESET
 .text.GPIO_PinOutToggle
                0x00002248       0x58 ./src/main.o
 .text.main     0x000022a0       0x2c ./src/main.o
                0x000022a0                main
 .text.exit     0x000022cc       0x28 /home/denzo/Downloads/SimplicityStudio_v4/developer/toolchains/gnu_arm/4.9_2015q3/bin/../lib/gcc/arm-none-eabi/4.9.3/../../../../arm-none-eabi/lib/armv7e-m/softfp/libc_nano.a(lib_a-exit.o)
                0x000022cc                exit
 .text.__libc_init_array
                0x000022f4       0x4c /home/denzo/Downloads/SimplicityStudio_v4/developer/toolchains/gnu_arm/4.9_2015q3/bin/../lib/gcc/arm-none-eabi/4.9.3/../../../../arm-none-eabi/lib/armv7e-m/softfp/libc_nano.a(lib_a-init.o)
                0x000022f4                __libc_init_array
 .text.memset   0x00002340       0x10 /home/denzo/Downloads/SimplicityStudio_v4/developer/toolchains/gnu_arm/4.9_2015q3/bin/../lib/gcc/arm-none-eabi/4.9.3/../../../../arm-none-eabi/lib/armv7e-m/softfp/libc_nano.a(lib_a-memset.o)
                0x00002340                memset
 .text._exit    0x00002350        0x4 /home/denzo/Downloads/SimplicityStudio_v4/developer/toolchains/gnu_arm/4.9_2015q3/bin/../lib/gcc/arm-none-eabi/4.9.3/../../../../arm-none-eabi/lib/armv7e-m/softfp/libnosys.a(_exit.o)
                0x00002350                _exit
 *(.init)
 .init          0x00002354        0x4 /home/denzo/Downloads/SimplicityStudio_v4/developer/toolchains/gnu_arm/4.9_2015q3/bin/../lib/gcc/arm-none-eabi/4.9.3/armv7e-m/softfp/crti.o
                0x00002354                _init
 .init          0x00002358        0x8 /home/denzo/Downloads/SimplicityStudio_v4/developer/toolchains/gnu_arm/4.9_2015q3/bin/../lib/gcc/arm-none-eabi/4.9.3/armv7e-m/softfp/crtn.o
 *(.fini)
 .fini          0x00002360        0x4 /home/denzo/Downloads/SimplicityStudio_v4/developer/toolchains/gnu_arm/4.9_2015q3/bin/../lib/gcc/arm-none-eabi/4.9.3/armv7e-m/softfp/crti.o
                0x00002360                _fini
 .fini          0x00002364        0x8 /home/denzo/Downloads/SimplicityStudio_v4/developer/toolchains/gnu_arm/4.9_2015q3/bin/../lib/gcc/arm-none-eabi/4.9.3/armv7e-m/softfp/crtn.o
 *crtbegin.o(.ctors)
 *crtbegin?.o(.ctors)
 *(EXCLUDE_FILE(*crtend.o *crtend?.o) .ctors)
 *(SORT(.ctors.*))
 *(.ctors)
 *crtbegin.o(.dtors)
 *crtbegin?.o(.dtors)
 *(EXCLUDE_FILE(*crtend.o *crtend?.o) .dtors)
 *(SORT(.dtors.*))
 *(.dtors)
 *(.rodata*)
 .rodata        0x0000236c       0x22 ./src/InitDevice.o
 .rodata.str1.1
                0x0000238e        0x2 /home/denzo/Downloads/SimplicityStudio_v4/developer/toolchains/gnu_arm/4.9_2015q3/bin/../lib/gcc/arm-none-eabi/4.9.3/../../../../arm-none-eabi/lib/armv7e-m/softfp/libc_nano.a(lib_a-impure.o)
 .rodata._global_impure_ptr
                0x00002390        0x4 /home/denzo/Downloads/SimplicityStudio_v4/developer/toolchains/gnu_arm/4.9_2015q3/bin/../lib/gcc/arm-none-eabi/4.9.3/../../../../arm-none-eabi/lib/armv7e-m/softfp/libc_nano.a(lib_a-impure.o)
                0x00002390                _global_impure_ptr
 *(.eh_frame*)
 .eh_frame      0x00002394        0x0 /home/denzo/Downloads/SimplicityStudio_v4/developer/toolchains/gnu_arm/4.9_2015q3/bin/../lib/gcc/arm-none-eabi/4.9.3/armv7e-m/softfp/crtbegin.o
 .eh_frame      0x00002394        0x4 /home/denzo/Downloads/SimplicityStudio_v4/developer/toolchains/gnu_arm/4.9_2015q3/bin/../lib/gcc/arm-none-eabi/4.9.3/armv7e-m/softfp/crtend.o

.glue_7         0x00002398        0x0
 .glue_7        0x00000000        0x0 linker stubs

.glue_7t        0x00002398        0x0
 .glue_7t       0x00000000        0x0 linker stubs

.vfp11_veneer   0x00002398        0x0
 .vfp11_veneer  0x00000000        0x0 linker stubs

.v4_bx          0x00002398        0x0
 .v4_bx         0x00000000        0x0 linker stubs

.iplt           0x00002398        0x0
 .iplt          0x00000000        0x0 /home/denzo/Downloads/SimplicityStudio_v4/developer/toolchains/gnu_arm/4.9_2015q3/bin/../lib/gcc/arm-none-eabi/4.9.3/armv7e-m/softfp/crtbegin.o

.ARM.extab
 *(.ARM.extab* .gnu.linkonce.armextab.*)
                0x00002398                __exidx_start = .

.ARM.exidx      0x00002398        0x8
 *(.ARM.exidx* .gnu.linkonce.armexidx.*)
 .ARM.exidx     0x00002398        0x8 /home/denzo/Downloads/SimplicityStudio_v4/developer/toolchains/gnu_arm/4.9_2015q3/bin/../lib/gcc/arm-none-eabi/4.9.3/../../../../arm-none-eabi/lib/armv7e-m/softfp/crt0.o
                0x000023a0                __exidx_end = .
                0x000023a0                __etext = .

.rel.dyn        0x000023a0        0x0
 .rel.iplt      0x00000000        0x0 /home/denzo/Downloads/SimplicityStudio_v4/developer/toolchains/gnu_arm/4.9_2015q3/bin/../lib/gcc/arm-none-eabi/4.9.3/armv7e-m/softfp/crtbegin.o

.data           0x20000000       0x80 load address 0x000023a0
                0x20000000                __data_start__ = .
 *(vtable)
 *(.data*)
 .data.SystemHFXOClock
                0x20000000        0x4 ./CMSIS/EFR32FG1P/system_efr32fg1p.o
 .data.SystemLFXOClock
                0x20000004        0x4 ./CMSIS/EFR32FG1P/system_efr32fg1p.o
 .data.SystemCoreClock
                0x20000008        0x4 ./CMSIS/EFR32FG1P/system_efr32fg1p.o
                0x20000008                SystemCoreClock
 .data.SystemHfrcoFreq
                0x2000000c        0x4 ./CMSIS/EFR32FG1P/system_efr32fg1p.o
                0x2000000c                SystemHfrcoFreq
 .data.auxHfrcoFreq
                0x20000010        0x4 ./emlib/em_cmu.o
 .data.impure_data
                0x20000014       0x60 /home/denzo/Downloads/SimplicityStudio_v4/developer/toolchains/gnu_arm/4.9_2015q3/bin/../lib/gcc/arm-none-eabi/4.9.3/../../../../arm-none-eabi/lib/armv7e-m/softfp/libc_nano.a(lib_a-impure.o)
                0x20000074                . = ALIGN (0x4)
 *(.ram)
                0x20000074                . = ALIGN (0x4)
                0x20000074                PROVIDE (__preinit_array_start, .)
 *(.preinit_array)
                0x20000074                PROVIDE (__preinit_array_end, .)
                0x20000074                . = ALIGN (0x4)
                0x20000074                PROVIDE (__init_array_start, .)
 *(SORT(.init_array.*))
 *(.init_array)
 .init_array    0x20000074        0x4 /home/denzo/Downloads/SimplicityStudio_v4/developer/toolchains/gnu_arm/4.9_2015q3/bin/../lib/gcc/arm-none-eabi/4.9.3/armv7e-m/softfp/crtbegin.o
                0x20000078                PROVIDE (__init_array_end, .)
                0x20000078                . = ALIGN (0x4)
                0x20000078                PROVIDE (__fini_array_start, .)
 *(SORT(.fini_array.*))
 *(.fini_array)
 .fini_array    0x20000078        0x4 /home/denzo/Downloads/SimplicityStudio_v4/developer/toolchains/gnu_arm/4.9_2015q3/bin/../lib/gcc/arm-none-eabi/4.9.3/armv7e-m/softfp/crtbegin.o
                0x2000007c                PROVIDE (__fini_array_end, .)
 *(.jcr*)
 .jcr           0x2000007c        0x0 /home/denzo/Downloads/SimplicityStudio_v4/developer/toolchains/gnu_arm/4.9_2015q3/bin/../lib/gcc/arm-none-eabi/4.9.3/armv7e-m/softfp/crtbegin.o
 .jcr           0x2000007c        0x4 /home/denzo/Downloads/SimplicityStudio_v4/developer/toolchains/gnu_arm/4.9_2015q3/bin/../lib/gcc/arm-none-eabi/4.9.3/armv7e-m/softfp/crtend.o
                0x20000080                . = ALIGN (0x4)
                0x20000080                __data_end__ = .

.igot.plt       0x20000080        0x0 load address 0x00002420
 .igot.plt      0x00000000        0x0 /home/denzo/Downloads/SimplicityStudio_v4/developer/toolchains/gnu_arm/4.9_2015q3/bin/../lib/gcc/arm-none-eabi/4.9.3/armv7e-m/softfp/crtbegin.o

.bss            0x20000080       0x24 load address 0x00002420
                0x20000080                . = ALIGN (0x4)
                0x20000080                __bss_start__ = .
 *(.bss*)
 .bss           0x20000080       0x1c /home/denzo/Downloads/SimplicityStudio_v4/developer/toolchains/gnu_arm/4.9_2015q3/bin/../lib/gcc/arm-none-eabi/4.9.3/armv7e-m/softfp/crtbegin.o
 .bss.errataFixDcdcHsState
                0x2000009c        0x1 ./emlib/em_emu.o
 *fill*         0x2000009d        0x1 
 .bss.dcdcMaxCurrent_mA
                0x2000009e        0x2 ./emlib/em_emu.o
 .bss.dcdcEm01LoadCurrent_mA
                0x200000a0        0x2 ./emlib/em_emu.o
 .bss.dcdcReverseCurrentControl
                0x200000a2        0x2 ./emlib/em_emu.o
 *(COMMON)
                0x200000a4                . = ALIGN (0x4)
                0x200000a4                __bss_end__ = .

.heap           0x200000a8      0xc00
                0x200000a8                __HeapBase = .
                0x200000a8                __end__ = .
                0x200000a8                end = __end__
                0x200000a8                _end = __end__
 *(.heap*)
 .heap          0x200000a8      0xc00 ./CMSIS/EFR32FG1P/startup_gcc_efr32fg1p.o
                0x20000ca8                __HeapLimit = .

.stack_dummy    0x200000a8      0x400
 *(.stack*)
 .stack         0x200000a8      0x400 ./CMSIS/EFR32FG1P/startup_gcc_efr32fg1p.o
                0x20008000                __StackTop = (ORIGIN (RAM) + 0x8000)
                0x20007c00                __StackLimit = (__StackTop - SIZEOF (.stack_dummy))
                0x20008000                PROVIDE (__stack, __StackTop)
                0x00000001                ASSERT ((__StackLimit >= __HeapLimit), region RAM overflowed with stack)
                0x00000001                ASSERT ((0x40000 >= (__etext + SIZEOF (.data))), FLASH memory overflowed !)
OUTPUT(EFR32FG1P133F256GM48.axf elf32-littlearm)

.ARM.attributes
                0x00000000       0x2e
 .ARM.attributes
                0x00000000       0x22 /home/denzo/Downloads/SimplicityStudio_v4/developer/toolchains/gnu_arm/4.9_2015q3/bin/../lib/gcc/arm-none-eabi/4.9.3/armv7e-m/softfp/crti.o
 .ARM.attributes
                0x00000022       0x32 /home/denzo/Downloads/SimplicityStudio_v4/developer/toolchains/gnu_arm/4.9_2015q3/bin/../lib/gcc/arm-none-eabi/4.9.3/armv7e-m/softfp/crtbegin.o
 .ARM.attributes
                0x00000054       0x20 /home/denzo/Downloads/SimplicityStudio_v4/developer/toolchains/gnu_arm/4.9_2015q3/bin/../lib/gcc/arm-none-eabi/4.9.3/../../../../arm-none-eabi/lib/armv7e-m/softfp/crt0.o
 .ARM.attributes
                0x00000074       0x1b ./CMSIS/EFR32FG1P/startup_gcc_efr32fg1p.o
 .ARM.attributes
                0x0000008f       0x37 ./CMSIS/EFR32FG1P/system_efr32fg1p.o
 .ARM.attributes
                0x000000c6       0x37 ./emlib/em_cmu.o
 .ARM.attributes
                0x000000fd       0x37 ./emlib/em_emu.o
 .ARM.attributes
                0x00000134       0x37 ./emlib/em_gpio.o
 .ARM.attributes
                0x0000016b       0x37 ./emlib/em_system.o
 .ARM.attributes
                0x000001a2       0x37 ./src/InitDevice.o
 .ARM.attributes
                0x000001d9       0x37 ./src/main.o
 .ARM.attributes
                0x00000210       0x32 /home/denzo/Downloads/SimplicityStudio_v4/developer/toolchains/gnu_arm/4.9_2015q3/bin/../lib/gcc/arm-none-eabi/4.9.3/../../../../arm-none-eabi/lib/armv7e-m/softfp/libc_nano.a(lib_a-exit.o)
 .ARM.attributes
                0x00000242       0x32 /home/denzo/Downloads/SimplicityStudio_v4/developer/toolchains/gnu_arm/4.9_2015q3/bin/../lib/gcc/arm-none-eabi/4.9.3/../../../../arm-none-eabi/lib/armv7e-m/softfp/libc_nano.a(lib_a-impure.o)
 .ARM.attributes
                0x00000274       0x32 /home/denzo/Downloads/SimplicityStudio_v4/developer/toolchains/gnu_arm/4.9_2015q3/bin/../lib/gcc/arm-none-eabi/4.9.3/../../../../arm-none-eabi/lib/armv7e-m/softfp/libc_nano.a(lib_a-init.o)
 .ARM.attributes
                0x000002a6       0x32 /home/denzo/Downloads/SimplicityStudio_v4/developer/toolchains/gnu_arm/4.9_2015q3/bin/../lib/gcc/arm-none-eabi/4.9.3/../../../../arm-none-eabi/lib/armv7e-m/softfp/libc_nano.a(lib_a-memset.o)
 .ARM.attributes
                0x000002d8       0x32 /home/denzo/Downloads/SimplicityStudio_v4/developer/toolchains/gnu_arm/4.9_2015q3/bin/../lib/gcc/arm-none-eabi/4.9.3/../../../../arm-none-eabi/lib/armv7e-m/softfp/libnosys.a(_exit.o)
 .ARM.attributes
                0x0000030a       0x32 /home/denzo/Downloads/SimplicityStudio_v4/developer/toolchains/gnu_arm/4.9_2015q3/bin/../lib/gcc/arm-none-eabi/4.9.3/armv7e-m/softfp/crtend.o
 .ARM.attributes
                0x0000033c       0x22 /home/denzo/Downloads/SimplicityStudio_v4/developer/toolchains/gnu_arm/4.9_2015q3/bin/../lib/gcc/arm-none-eabi/4.9.3/armv7e-m/softfp/crtn.o

.comment        0x00000000       0x70
 .comment       0x00000000       0x70 ./CMSIS/EFR32FG1P/system_efr32fg1p.o
                                 0x71 (size before relaxing)
 .comment       0x00000000       0x71 ./emlib/em_cmu.o
 .comment       0x00000000       0x71 ./emlib/em_emu.o
 .comment       0x00000000       0x71 ./emlib/em_gpio.o
 .comment       0x00000000       0x71 ./emlib/em_system.o
 .comment       0x00000000       0x71 ./src/InitDevice.o
 .comment       0x00000000       0x71 ./src/main.o

.debug_line     0x00000000     0x2b36
 .debug_line    0x00000000       0x76 ./CMSIS/EFR32FG1P/startup_gcc_efr32fg1p.o
 .debug_line    0x00000076      0x329 ./CMSIS/EFR32FG1P/system_efr32fg1p.o
 .debug_line    0x0000039f      0xb47 ./emlib/em_cmu.o
 .debug_line    0x00000ee6      0xbdf ./emlib/em_emu.o
 .debug_line    0x00001ac5      0x4f7 ./emlib/em_gpio.o
 .debug_line    0x00001fbc      0x2e9 ./emlib/em_system.o
 .debug_line    0x000022a5      0x587 ./src/InitDevice.o
 .debug_line    0x0000282c      0x30a ./src/main.o

.debug_info     0x00000000     0x6c61
 .debug_info    0x00000000       0xa9 ./CMSIS/EFR32FG1P/startup_gcc_efr32fg1p.o
 .debug_info    0x000000a9      0xaed ./CMSIS/EFR32FG1P/system_efr32fg1p.o
 .debug_info    0x00000b96     0x1b9c ./emlib/em_cmu.o
 .debug_info    0x00002732     0x1f29 ./emlib/em_emu.o
 .debug_info    0x0000465b      0xa05 ./emlib/em_gpio.o
 .debug_info    0x00005060      0x276 ./emlib/em_system.o
 .debug_info    0x000052d6     0x15ee ./src/InitDevice.o
 .debug_info    0x000068c4      0x39d ./src/main.o

.debug_abbrev   0x00000000      0xdac
 .debug_abbrev  0x00000000       0x14 ./CMSIS/EFR32FG1P/startup_gcc_efr32fg1p.o
 .debug_abbrev  0x00000014      0x1a9 ./CMSIS/EFR32FG1P/system_efr32fg1p.o
 .debug_abbrev  0x000001bd      0x2de ./emlib/em_cmu.o
 .debug_abbrev  0x0000049b      0x319 ./emlib/em_emu.o
 .debug_abbrev  0x000007b4      0x1da ./emlib/em_gpio.o
 .debug_abbrev  0x0000098e      0x109 ./emlib/em_system.o
 .debug_abbrev  0x00000a97      0x1e6 ./src/InitDevice.o
 .debug_abbrev  0x00000c7d      0x12f ./src/main.o

.debug_aranges  0x00000000      0x568
 .debug_aranges
                0x00000000       0x20 ./CMSIS/EFR32FG1P/startup_gcc_efr32fg1p.o
 .debug_aranges
                0x00000020       0x68 ./CMSIS/EFR32FG1P/system_efr32fg1p.o
 .debug_aranges
                0x00000088      0x1a8 ./emlib/em_cmu.o
 .debug_aranges
                0x00000230      0x178 ./emlib/em_emu.o
 .debug_aranges
                0x000003a8       0x88 ./emlib/em_gpio.o
 .debug_aranges
                0x00000430       0x28 ./emlib/em_system.o
 .debug_aranges
                0x00000458       0xe8 ./src/InitDevice.o
 .debug_aranges
                0x00000540       0x28 ./src/main.o

.debug_loc      0x00000000     0x2d2e
 .debug_loc     0x00000000      0x2e4 ./CMSIS/EFR32FG1P/system_efr32fg1p.o
 .debug_loc     0x000002e4     0x1000 ./emlib/em_cmu.o
 .debug_loc     0x000012e4      0xd56 ./emlib/em_emu.o
 .debug_loc     0x0000203a      0x4b4 ./emlib/em_gpio.o
 .debug_loc     0x000024ee       0xb8 ./emlib/em_system.o
 .debug_loc     0x000025a6      0x6f4 ./src/InitDevice.o
 .debug_loc     0x00002c9a       0x94 ./src/main.o

.debug_ranges   0x00000000      0x4d8
 .debug_ranges  0x00000000       0x58 ./CMSIS/EFR32FG1P/system_efr32fg1p.o
 .debug_ranges  0x00000058      0x198 ./emlib/em_cmu.o
 .debug_ranges  0x000001f0      0x168 ./emlib/em_emu.o
 .debug_ranges  0x00000358       0x78 ./emlib/em_gpio.o
 .debug_ranges  0x000003d0       0x18 ./emlib/em_system.o
 .debug_ranges  0x000003e8       0xd8 ./src/InitDevice.o
 .debug_ranges  0x000004c0       0x18 ./src/main.o

.debug_str      0x00000000     0x2a4a
 .debug_str     0x00000000      0x6bf ./CMSIS/EFR32FG1P/system_efr32fg1p.o
                                0x768 (size before relaxing)
 .debug_str     0x000006bf      0xea9 ./emlib/em_cmu.o
                               0x13f0 (size before relaxing)
 .debug_str     0x00001568      0xca2 ./emlib/em_emu.o
                               0x17b9 (size before relaxing)
 .debug_str     0x0000220a      0x430 ./emlib/em_gpio.o
                                0x841 (size before relaxing)
 .debug_str     0x0000263a       0xbb ./emlib/em_system.o
                                0x30e (size before relaxing)
 .debug_str     0x000026f5      0x330 ./src/InitDevice.o
                               0x14f6 (size before relaxing)
 .debug_str     0x00002a25       0x25 ./src/main.o
                                0x352 (size before relaxing)

.debug_frame    0x00000000     0x15c0
 .debug_frame   0x00000000      0x164 ./CMSIS/EFR32FG1P/system_efr32fg1p.o
 .debug_frame   0x00000164      0x74c ./emlib/em_cmu.o
 .debug_frame   0x000008b0      0x638 ./emlib/em_emu.o
 .debug_frame   0x00000ee8      0x228 ./emlib/em_gpio.o
 .debug_frame   0x00001110       0x60 ./emlib/em_system.o
 .debug_frame   0x00001170      0x364 ./src/InitDevice.o
 .debug_frame   0x000014d4       0x58 ./src/main.o
 .debug_frame   0x0000152c       0x28 /home/denzo/Downloads/SimplicityStudio_v4/developer/toolchains/gnu_arm/4.9_2015q3/bin/../lib/gcc/arm-none-eabi/4.9.3/../../../../arm-none-eabi/lib/armv7e-m/softfp/libc_nano.a(lib_a-exit.o)
 .debug_frame   0x00001554       0x2c /home/denzo/Downloads/SimplicityStudio_v4/developer/toolchains/gnu_arm/4.9_2015q3/bin/../lib/gcc/arm-none-eabi/4.9.3/../../../../arm-none-eabi/lib/armv7e-m/softfp/libc_nano.a(lib_a-init.o)
 .debug_frame   0x00001580       0x20 /home/denzo/Downloads/SimplicityStudio_v4/developer/toolchains/gnu_arm/4.9_2015q3/bin/../lib/gcc/arm-none-eabi/4.9.3/../../../../arm-none-eabi/lib/armv7e-m/softfp/libc_nano.a(lib_a-memset.o)
 .debug_frame   0x000015a0       0x20 /home/denzo/Downloads/SimplicityStudio_v4/developer/toolchains/gnu_arm/4.9_2015q3/bin/../lib/gcc/arm-none-eabi/4.9.3/../../../../arm-none-eabi/lib/armv7e-m/softfp/libnosys.a(_exit.o)
